<html>
<body>
<pre>
<h1>µVision Build Log</h1>
<h2>Tool Versions:</h2>
IDE-Version: µVision V5.25.3.0
Copyright (C) 2018 ARM Ltd and ARM Germany GmbH. All rights reserved.
License Information: sanketm SanketM, HP Inc., LIC=----
 
Tool Versions:
Toolchain:       MDK-Lite  Version: 5.20
Toolchain Path:  C:\Keil_v5\ARM\ARMCC\Bin
C Compiler:      Armcc.exe V5.06 update 2 (build 183)
Assembler:       Armasm.exe V5.06 update 2 (build 183)
Linker/Locator:  ArmLink.exe V5.06 update 2 (build 183)
Library Manager: ArmAr.exe V5.06 update 2 (build 183)
Hex Converter:   FromElf.exe V5.06 update 2 (build 183)
CPU DLL:         SARM.DLL V5.20
Dialog DLL:      DARMP.DLL V1.52.0.0
Target DLL:      UL2ARM.DLL V1.74.8.0
Dialog DLL:      TARMP.DLL V1.52.0.0
 
<h2>Project:</h2>
G:\My Drive\Envision\ARM_Microcontoller\GSM_Full_Final_code\GSM_Full_Final_code.uvproj
Project File Date:  03/29/2025

<h2>Output:</h2>
*** Using Compiler 'V5.06 update 2 (build 183)', folder: 'C:\Keil_v5\ARM\ARMCC\Bin'
Rebuild target 'Target 1'
assembling Startup.s...
compiling GSM_Full_Final_code.c...
GSM_Full_Final_code.c(110): warning:  #167-D: argument of type "char *" is incompatible with parameter of type "unsigned char *"
  										  sms(Mobile_no,"I am Sanket Mali");
GSM_Full_Final_code.c(410): warning:  #1-D: last line of file ends without a newline
  }
GSM_Full_Final_code.c: 2 warnings, 0 errors
linking...
Program Size: Code=5992 RO-data=304 RW-data=28 ZI-data=1476  
FromELF: creating hex file...
".\Objects\GSM_Full_Final_code.axf" - 0 Error(s), 2 Warning(s).
Build Time Elapsed:  00:00:01
</pre>
</body>
</html>
