Component: ARM Compiler 5.06 update 2 (build 183) Tool: armlink [4d35b7]

==============================================================================

Section Cross References

    startup.o(STACK) refers (Special) to heapauxi.o(.text) for __use_two_region_memory
    startup.o(HEAP) refers (Special) to heapauxi.o(.text) for __use_two_region_memory
    startup.o(RESET) refers (Special) to heapauxi.o(.text) for __use_two_region_memory
    startup.o(RESET) refers to startup.o(STACK) for Stack_Top
    startup.o(RESET) refers to __main.o(!!!main) for __main
    startup.o(.text) refers (Special) to heapauxi.o(.text) for __use_two_region_memory
    startup.o(.text) refers to startup.o(HEAP) for Heap_Mem
    startup.o(.text) refers to startup.o(STACK) for Stack_Mem
    gsm_full_final_code.o(i.GSM_Begin) refers to gsm_full_final_code.o(i.UART0_SendString) for UART0_SendString
    gsm_full_final_code.o(i.GSM_Begin) refers to gsm_full_final_code.o(i.delay_ms) for delay_ms
    gsm_full_final_code.o(i.GSM_Begin) refers to strstr.o(.text) for strstr
    gsm_full_final_code.o(i.GSM_Begin) refers to gsm_full_final_code.o(i.GSM_Response) for GSM_Response
    gsm_full_final_code.o(i.GSM_Begin) refers to rt_memclr.o(.text) for __aeabi_memclr
    gsm_full_final_code.o(i.GSM_Begin) refers to gsm_full_final_code.o(.bss) for buff
    gsm_full_final_code.o(i.GSM_Calling) refers to _printf_percent.o(.ARM.Collect$$_printf_percent$$00000000) for _printf_percent
    gsm_full_final_code.o(i.GSM_Calling) refers to _printf_s.o(.ARM.Collect$$_printf_percent$$00000014) for _printf_s
    gsm_full_final_code.o(i.GSM_Calling) refers to _printf_str.o(.text) for _printf_str
    gsm_full_final_code.o(i.GSM_Calling) refers to noretval__2sprintf.o(.text) for __2sprintf
    gsm_full_final_code.o(i.GSM_Calling) refers to gsm_full_final_code.o(i.UART0_SendString) for UART0_SendString
    gsm_full_final_code.o(i.GSM_Delete_All_Msg) refers to gsm_full_final_code.o(i.UART0_SendString) for UART0_SendString
    gsm_full_final_code.o(i.GSM_HangCall) refers to gsm_full_final_code.o(i.UART0_SendString) for UART0_SendString
    gsm_full_final_code.o(i.GSM_Msg_Delete) refers to _printf_percent.o(.ARM.Collect$$_printf_percent$$00000000) for _printf_percent
    gsm_full_final_code.o(i.GSM_Msg_Delete) refers to _printf_d.o(.ARM.Collect$$_printf_percent$$00000009) for _printf_d
    gsm_full_final_code.o(i.GSM_Msg_Delete) refers to _printf_dec.o(.text) for _printf_int_dec
    gsm_full_final_code.o(i.GSM_Msg_Delete) refers to noretval__2sprintf.o(.text) for __2sprintf
    gsm_full_final_code.o(i.GSM_Msg_Delete) refers to gsm_full_final_code.o(i.UART0_SendString) for UART0_SendString
    gsm_full_final_code.o(i.GSM_Msg_Delete) refers to gsm_full_final_code.o(.data) for buffer_pointer
    gsm_full_final_code.o(i.GSM_Msg_Display) refers to gsm_full_final_code.o(i.delay_ms) for delay_ms
    gsm_full_final_code.o(i.GSM_Msg_Display) refers to strstr.o(.text) for strstr
    gsm_full_final_code.o(i.GSM_Msg_Display) refers to gsm_full_final_code.o(i.UART0_SendString) for UART0_SendString
    gsm_full_final_code.o(i.GSM_Msg_Display) refers to gsm_full_final_code.o(i.UART0_TxChar) for UART0_TxChar
    gsm_full_final_code.o(i.GSM_Msg_Display) refers to strlen.o(.text) for strlen
    gsm_full_final_code.o(i.GSM_Msg_Display) refers to rt_memclr.o(.text) for __aeabi_memclr
    gsm_full_final_code.o(i.GSM_Msg_Display) refers to gsm_full_final_code.o(.bss) for buff
    gsm_full_final_code.o(i.GSM_Msg_Display) refers to gsm_full_final_code.o(.data) for buffer_pointer
    gsm_full_final_code.o(i.GSM_Msg_Read) refers to _printf_percent.o(.ARM.Collect$$_printf_percent$$00000000) for _printf_percent
    gsm_full_final_code.o(i.GSM_Msg_Read) refers to _printf_d.o(.ARM.Collect$$_printf_percent$$00000009) for _printf_d
    gsm_full_final_code.o(i.GSM_Msg_Read) refers to _printf_dec.o(.text) for _printf_int_dec
    gsm_full_final_code.o(i.GSM_Msg_Read) refers to noretval__2sprintf.o(.text) for __2sprintf
    gsm_full_final_code.o(i.GSM_Msg_Read) refers to gsm_full_final_code.o(i.UART0_SendString) for UART0_SendString
    gsm_full_final_code.o(i.GSM_Msg_Read) refers to gsm_full_final_code.o(i.GSM_Msg_Display) for GSM_Msg_Display
    gsm_full_final_code.o(i.GSM_Response) refers to strlen.o(.text) for strlen
    gsm_full_final_code.o(i.GSM_Response) refers to gsm_full_final_code.o(i.delay_ms) for delay_ms
    gsm_full_final_code.o(i.GSM_Response) refers to rt_memmove.o(.text) for __aeabi_memmove
    gsm_full_final_code.o(i.GSM_Response) refers to strncmp.o(.text) for strncmp
    gsm_full_final_code.o(i.GSM_Response) refers to gsm_full_final_code.o(i.GSM_Response_Display) for GSM_Response_Display
    gsm_full_final_code.o(i.GSM_Response) refers to gsm_full_final_code.o(.bss) for buff
    gsm_full_final_code.o(i.GSM_Response_Display) refers to gsm_full_final_code.o(i.UART0_TxChar) for UART0_TxChar
    gsm_full_final_code.o(i.GSM_Response_Display) refers to strlen.o(.text) for strlen
    gsm_full_final_code.o(i.GSM_Response_Display) refers to rt_memclr.o(.text) for __aeabi_memclr
    gsm_full_final_code.o(i.GSM_Response_Display) refers to gsm_full_final_code.o(.data) for buffer_pointer
    gsm_full_final_code.o(i.GSM_Response_Display) refers to gsm_full_final_code.o(.bss) for buff
    gsm_full_final_code.o(i.GSM_Send_Msg) refers to _printf_percent.o(.ARM.Collect$$_printf_percent$$00000000) for _printf_percent
    gsm_full_final_code.o(i.GSM_Send_Msg) refers to _printf_s.o(.ARM.Collect$$_printf_percent$$00000014) for _printf_s
    gsm_full_final_code.o(i.GSM_Send_Msg) refers to _printf_str.o(.text) for _printf_str
    gsm_full_final_code.o(i.GSM_Send_Msg) refers to noretval__2sprintf.o(.text) for __2sprintf
    gsm_full_final_code.o(i.GSM_Send_Msg) refers to gsm_full_final_code.o(i.UART0_SendString) for UART0_SendString
    gsm_full_final_code.o(i.GSM_Send_Msg) refers to gsm_full_final_code.o(i.delay_ms) for delay_ms
    gsm_full_final_code.o(i.GSM_Send_Msg) refers to strlen.o(.text) for strlen
    gsm_full_final_code.o(i.GSM_Send_Msg) refers to rt_memclr.o(.text) for __aeabi_memclr
    gsm_full_final_code.o(i.GSM_Send_Msg) refers to gsm_full_final_code.o(i.UART0_TxChar) for UART0_TxChar
    gsm_full_final_code.o(i.GSM_Send_Msg) refers to rt_memclr_w.o(.text) for __aeabi_memclr4
    gsm_full_final_code.o(i.GSM_Send_Msg) refers to gsm_full_final_code.o(.data) for buffer_pointer
    gsm_full_final_code.o(i.GSM_Send_Msg) refers to gsm_full_final_code.o(.bss) for buff
    gsm_full_final_code.o(i.GSM_Wait_for_Msg) refers to gsm_full_final_code.o(i.delay_ms) for delay_ms
    gsm_full_final_code.o(i.GSM_Wait_for_Msg) refers to strstr.o(.text) for strstr
    gsm_full_final_code.o(i.GSM_Wait_for_Msg) refers to atoi.o(.text) for atoi
    gsm_full_final_code.o(i.GSM_Wait_for_Msg) refers to strlen.o(.text) for strlen
    gsm_full_final_code.o(i.GSM_Wait_for_Msg) refers to rt_memclr.o(.text) for __aeabi_memclr
    gsm_full_final_code.o(i.GSM_Wait_for_Msg) refers to gsm_full_final_code.o(.data) for buffer_pointer
    gsm_full_final_code.o(i.GSM_Wait_for_Msg) refers to gsm_full_final_code.o(.bss) for buff
    gsm_full_final_code.o(i.UART0_Interrupt) refers to gsm_full_final_code.o(.bss) for buff
    gsm_full_final_code.o(i.UART0_Interrupt) refers to gsm_full_final_code.o(.data) for buffer_pointer
    gsm_full_final_code.o(i.UART0_SendString) refers to gsm_full_final_code.o(i.UART0_TxChar) for UART0_TxChar
    gsm_full_final_code.o(i.main) refers to rt_memclr.o(.text) for __aeabi_memclr
    gsm_full_final_code.o(i.main) refers to gsm_full_final_code.o(i.UART0_init) for UART0_init
    gsm_full_final_code.o(i.main) refers to gsm_full_final_code.o(i.delay_ms) for delay_ms
    gsm_full_final_code.o(i.main) refers to gsm_full_final_code.o(i.GSM_Begin) for GSM_Begin
    gsm_full_final_code.o(i.main) refers to gsm_full_final_code.o(i.GSM_Wait_for_Msg) for GSM_Wait_for_Msg
    gsm_full_final_code.o(i.main) refers to gsm_full_final_code.o(i.GSM_Msg_Read) for GSM_Msg_Read
    gsm_full_final_code.o(i.main) refers to strstr.o(.text) for strstr
    gsm_full_final_code.o(i.main) refers to gsm_full_final_code.o(i.sms) for sms
    gsm_full_final_code.o(i.main) refers to gsm_full_final_code.o(i.GSM_Calling) for GSM_Calling
    gsm_full_final_code.o(i.main) refers to gsm_full_final_code.o(i.GSM_HangCall) for GSM_HangCall
    gsm_full_final_code.o(i.main) refers to gsm_full_final_code.o(i.GSM_Msg_Delete) for GSM_Msg_Delete
    gsm_full_final_code.o(i.main) refers to gsm_full_final_code.o(i.GSM_Response) for GSM_Response
    gsm_full_final_code.o(i.main) refers to gsm_full_final_code.o(i.UART0_SendString) for UART0_SendString
    gsm_full_final_code.o(i.main) refers to rt_memclr_w.o(.text) for __aeabi_memclr4
    gsm_full_final_code.o(i.main) refers to gsm_full_final_code.o(.data) for buffer_pointer
    gsm_full_final_code.o(i.main) refers to gsm_full_final_code.o(.bss) for message_received
    gsm_full_final_code.o(i.main) refers to gsm_full_final_code.o(i.UART0_Interrupt) for UART0_Interrupt
    gsm_full_final_code.o(i.sms) refers to gsm_full_final_code.o(i.UART0_SendString) for UART0_SendString
    gsm_full_final_code.o(i.sms) refers to gsm_full_final_code.o(i.UART0_TxChar) for UART0_TxChar
    gsm_full_final_code.o(i.sms) refers to gsm_full_final_code.o(i.delay_ms) for delay_ms
    __2sprintf.o(.text) refers to _printf_char_common.o(.text) for _printf_char_common
    __2sprintf.o(.text) refers to _sputc.o(.text) for _sputc
    noretval__2sprintf.o(.text) refers to _printf_char_common.o(.text) for _printf_char_common
    noretval__2sprintf.o(.text) refers to _sputc.o(.text) for _sputc
    __printf.o(.text) refers to __printf.o(i.__ARM_common_call_via_r1) for __ARM_common_call_via_r1
    __printf.o(.text) refers to _printf_percent.o(.ARM.Collect$$_printf_percent$$00000000) for _printf_percent
    __printf.o(.text) refers to __printf.o(i.__ARM_common_call_via_r2) for __ARM_common_call_via_r2
    _printf_str.o(.text) refers (Special) to _printf_char.o(.text) for _printf_cs_common
    _printf_str.o(.text) refers to __printf.o(i.__ARM_common_call_via_r2) for __ARM_common_call_via_r2
    _printf_dec.o(.text) refers to rtudiv10.o(.text) for __rt_udiv10
    _printf_dec.o(.text) refers to _printf_intcommon.o(.text) for _printf_int_common
    __printf_flags.o(.text) refers to __printf.o(i.__ARM_common_call_via_r1) for __ARM_common_call_via_r1
    __printf_flags.o(.text) refers to _printf_percent.o(.ARM.Collect$$_printf_percent$$00000000) for _printf_percent
    __printf_flags.o(.text) refers to __printf.o(i.__ARM_common_call_via_r2) for __ARM_common_call_via_r2
    __printf_flags.o(.text) refers to __printf_flags.o(.constdata) for .constdata
    __printf_ss.o(.text) refers to __printf.o(i.__ARM_common_call_via_r1) for __ARM_common_call_via_r1
    __printf_ss.o(.text) refers to _printf_percent.o(.ARM.Collect$$_printf_percent$$00000000) for _printf_percent
    __printf_ss.o(.text) refers to __printf.o(i.__ARM_common_call_via_r2) for __ARM_common_call_via_r2
    __printf_flags_ss.o(.text) refers to __printf.o(i.__ARM_common_call_via_r1) for __ARM_common_call_via_r1
    __printf_flags_ss.o(.text) refers to _printf_percent.o(.ARM.Collect$$_printf_percent$$00000000) for _printf_percent
    __printf_flags_ss.o(.text) refers to __printf.o(i.__ARM_common_call_via_r2) for __ARM_common_call_via_r2
    __printf_flags_ss.o(.text) refers to __printf_flags_ss.o(.constdata) for .constdata
    __printf_wp.o(.text) refers to __printf.o(i.__ARM_common_call_via_r1) for __ARM_common_call_via_r1
    __printf_wp.o(.text) refers to __printf_wp.o(i._is_digit) for _is_digit
    __printf_wp.o(.text) refers to _printf_percent.o(.ARM.Collect$$_printf_percent$$00000000) for _printf_percent
    __printf_wp.o(.text) refers to __printf.o(i.__ARM_common_call_via_r2) for __ARM_common_call_via_r2
    __printf_flags_wp.o(.text) refers to __printf.o(i.__ARM_common_call_via_r1) for __ARM_common_call_via_r1
    __printf_flags_wp.o(.text) refers to __printf_wp.o(i._is_digit) for _is_digit
    __printf_flags_wp.o(.text) refers to _printf_percent.o(.ARM.Collect$$_printf_percent$$00000000) for _printf_percent
    __printf_flags_wp.o(.text) refers to __printf.o(i.__ARM_common_call_via_r2) for __ARM_common_call_via_r2
    __printf_flags_wp.o(.text) refers to __printf_flags_wp.o(.constdata) for .constdata
    __printf_ss_wp.o(.text) refers to __printf.o(i.__ARM_common_call_via_r1) for __ARM_common_call_via_r1
    __printf_ss_wp.o(.text) refers to __printf_wp.o(i._is_digit) for _is_digit
    __printf_ss_wp.o(.text) refers to _printf_percent.o(.ARM.Collect$$_printf_percent$$00000000) for _printf_percent
    __printf_ss_wp.o(.text) refers to __printf.o(i.__ARM_common_call_via_r2) for __ARM_common_call_via_r2
    __printf_flags_ss_wp.o(.text) refers to __printf.o(i.__ARM_common_call_via_r1) for __ARM_common_call_via_r1
    __printf_flags_ss_wp.o(.text) refers to __printf_wp.o(i._is_digit) for _is_digit
    __printf_flags_ss_wp.o(.text) refers to _printf_percent.o(.ARM.Collect$$_printf_percent$$00000000) for _printf_percent
    __printf_flags_ss_wp.o(.text) refers to __printf.o(i.__ARM_common_call_via_r2) for __ARM_common_call_via_r2
    __printf_flags_ss_wp.o(.text) refers to __printf_flags_ss_wp.o(.constdata) for .constdata
    _printf_s.o(.ARM.Collect$$_printf_percent$$00000014) refers (Weak) to _printf_char.o(.text) for _printf_string
    _printf_d.o(.ARM.Collect$$_printf_percent$$00000009) refers (Weak) to _printf_dec.o(.text) for _printf_int_dec
    _printf_percent.o(.ARM.Collect$$_printf_percent$$00000000) refers (Special) to _printf_percent_end.o(.ARM.Collect$$_printf_percent$$00000017) for _printf_percent_end
    atoi.o(.text) refers to rt_errno_addr_intlibspace.o(.text) for __aeabi_errno_addr
    atoi.o(.text) refers to strtol.o(.text) for strtol
    rt_memmove.o(.text) refers to rt_memcpy.o(.text) for __aeabi_memcpy
    rt_memmove.o(.text) refers to rt_memmove_w.o(.text) for __memmove_aligned
    rt_memclr.o(.text) refers to rt_memclr_w.o(.text) for _memset_w
    __main.o(!!!main) refers to __rtentry.o(.ARM.Collect$$rtentry$$00000000) for __rt_entry
    __rtentry.o(.ARM.Collect$$rtentry$$00000000) refers (Special) to __rtentry2.o(.ARM.Collect$$rtentry$$0000000A) for __rt_entry_li
    __rtentry.o(.ARM.Collect$$rtentry$$00000000) refers (Special) to __rtentry2.o(.ARM.Collect$$rtentry$$0000000D) for __rt_entry_main
    __rtentry.o(.ARM.Collect$$rtentry$$00000000) refers (Special) to __rtentry2.o(.ARM.Collect$$rtentry$$0000000C) for __rt_entry_postli_1
    __rtentry.o(.ARM.Collect$$rtentry$$00000000) refers (Special) to __rtentry2.o(.ARM.Collect$$rtentry$$00000009) for __rt_entry_postsh_1
    __rtentry.o(.ARM.Collect$$rtentry$$00000000) refers (Special) to __rtentry2.o(.ARM.Collect$$rtentry$$00000002) for __rt_entry_presh_1
    __rtentry.o(.ARM.Collect$$rtentry$$00000000) refers (Special) to __rtentry4.o(.ARM.Collect$$rtentry$$00000004) for __rt_entry_sh
    rt_errno_addr.o(.text) refers to rt_errno_addr.o(.bss) for __aeabi_errno_addr_data
    rt_errno_addr_intlibspace.o(.text) refers to libspace.o(.bss) for __libspace_start
    _printf_intcommon.o(.text) refers to __printf.o(i.__ARM_common_call_via_r2) for __ARM_common_call_via_r2
    _printf_char_common.o(.text) refers to __printf.o(.text) for __printf
    _printf_char.o(.text) refers (Weak) to _printf_str.o(.text) for _printf_str
    strtol.o(.text) refers to rt_ctype_table.o(.text) for __rt_ctype_table
    strtol.o(.text) refers to _strtoul.o(.text) for _strtoul
    strtol.o(.text) refers to rt_errno_addr_intlibspace.o(.text) for __aeabi_errno_addr
    rt_memcpy.o(.text) refers to rt_memcpy_w.o(.text) for __aeabi_memcpy4
    rt_memmove_w.o(.text) refers to rt_memcpy_w.o(.text) for __aeabi_memcpy4
    libspace.o(.text) refers to libspace.o(.bss) for __libspace_start
    __rtentry2.o(.ARM.Collect$$rtentry$$00000008) refers to boardinit2.o(.text) for _platform_post_stackheap_init
    __rtentry2.o(.ARM.Collect$$rtentry$$0000000A) refers to libinit.o(.ARM.Collect$$libinit$$00000000) for __rt_lib_init
    __rtentry2.o(.ARM.Collect$$rtentry$$0000000B) refers to boardinit3.o(.text) for _platform_post_lib_init
    __rtentry2.o(.ARM.Collect$$rtentry$$0000000D) refers to exit.o(.text) for exit
    __rtentry2.o(.ARM.Collect$$rtentry$$0000000D) refers to gsm_full_final_code.o(i.main) for main
    __rtentry2.o(.ARM.exidx) refers to __rtentry2.o(.ARM.Collect$$rtentry$$00000001) for .ARM.Collect$$rtentry$$00000001
    __rtentry2.o(.ARM.exidx) refers to __rtentry2.o(.ARM.Collect$$rtentry$$00000008) for .ARM.Collect$$rtentry$$00000008
    __rtentry2.o(.ARM.exidx) refers to __rtentry2.o(.ARM.Collect$$rtentry$$0000000A) for .ARM.Collect$$rtentry$$0000000A
    __rtentry2.o(.ARM.exidx) refers to __rtentry2.o(.ARM.Collect$$rtentry$$0000000B) for .ARM.Collect$$rtentry$$0000000B
    __rtentry2.o(.ARM.exidx) refers to __rtentry2.o(.ARM.Collect$$rtentry$$0000000D) for .ARM.Collect$$rtentry$$0000000D
    __rtentry4.o(.ARM.Collect$$rtentry$$00000004) refers to sys_stackheap_outer.o(.text) for __user_setup_stackheap
    __rtentry4.o(.ARM.exidx) refers to __rtentry4.o(.ARM.Collect$$rtentry$$00000004) for .ARM.Collect$$rtentry$$00000004
    rt_ctype_table.o(.text) refers to rt_locale_intlibspace.o(.text) for __rt_locale
    rt_ctype_table.o(.text) refers to lc_ctype_c.o(locale$$code) for _get_lc_ctype
    __printf_nopercent.o(.text) refers to __printf_nopercent.o(i.__ARM_common_call_via_r7) for __ARM_common_call_via_r7
    __printf_nopercent.o(.text) refers to __printf_nopercent.o(i.__ARM_common_call_via_r5) for __ARM_common_call_via_r5
    _strtoul.o(.text) refers to _chval.o(.text) for _chval
    _strtoul.o(.text) refers to rt_errno_addr_intlibspace.o(.text) for __aeabi_errno_addr
    sys_stackheap_outer.o(.text) refers to libspace.o(.text) for __user_perproc_libspace
    sys_stackheap_outer.o(.text) refers to startup.o(.text) for __user_initial_stackheap
    rt_locale.o(.text) refers to rt_locale.o(.bss) for __rt_locale_data
    rt_locale_intlibspace.o(.text) refers to libspace.o(.bss) for __libspace_start
    lc_ctype_c.o(locale$$data) refers (Special) to libinit2.o(.ARM.Collect$$libinit$$00000012) for __rt_lib_init_lc_ctype_2
    lc_ctype_c.o(locale$$code) refers (Special) to libinit2.o(.ARM.Collect$$libinit$$00000012) for __rt_lib_init_lc_ctype_2
    lc_ctype_c.o(locale$$code) refers to strcmp.o(.text) for strcmp
    lc_ctype_c.o(locale$$code) refers to lc_ctype_c.o(locale$$data) for __lcctype_c_name
    exit.o(.text) refers to rtexit.o(.ARM.Collect$$rtexit$$00000000) for __rt_exit
    libinit.o(.ARM.Collect$$libinit$$00000000) refers (Special) to libinit2.o(.ARM.Collect$$libinit$$0000002E) for __rt_lib_init_alloca_1
    libinit.o(.ARM.Collect$$libinit$$00000000) refers (Special) to libinit2.o(.ARM.Collect$$libinit$$0000002C) for __rt_lib_init_argv_1
    libinit.o(.ARM.Collect$$libinit$$00000000) refers (Special) to libinit2.o(.ARM.Collect$$libinit$$0000001B) for __rt_lib_init_atexit_1
    libinit.o(.ARM.Collect$$libinit$$00000000) refers (Special) to libinit2.o(.ARM.Collect$$libinit$$00000021) for __rt_lib_init_clock_1
    libinit.o(.ARM.Collect$$libinit$$00000000) refers (Special) to libinit2.o(.ARM.Collect$$libinit$$00000032) for __rt_lib_init_cpp_1
    libinit.o(.ARM.Collect$$libinit$$00000000) refers (Special) to libinit2.o(.ARM.Collect$$libinit$$00000030) for __rt_lib_init_exceptions_1
    libinit.o(.ARM.Collect$$libinit$$00000000) refers (Special) to libinit2.o(.ARM.Collect$$libinit$$00000002) for __rt_lib_init_fp_1
    libinit.o(.ARM.Collect$$libinit$$00000000) refers (Special) to libinit2.o(.ARM.Collect$$libinit$$0000001F) for __rt_lib_init_fp_trap_1
    libinit.o(.ARM.Collect$$libinit$$00000000) refers (Special) to libinit2.o(.ARM.Collect$$libinit$$00000023) for __rt_lib_init_getenv_1
    libinit.o(.ARM.Collect$$libinit$$00000000) refers (Special) to libinit2.o(.ARM.Collect$$libinit$$0000000A) for __rt_lib_init_heap_1
    libinit.o(.ARM.Collect$$libinit$$00000000) refers (Special) to libinit2.o(.ARM.Collect$$libinit$$00000011) for __rt_lib_init_lc_collate_1
    libinit.o(.ARM.Collect$$libinit$$00000000) refers (Special) to libinit2.o(.ARM.Collect$$libinit$$00000013) for __rt_lib_init_lc_ctype_1
    libinit.o(.ARM.Collect$$libinit$$00000000) refers (Special) to libinit2.o(.ARM.Collect$$libinit$$00000015) for __rt_lib_init_lc_monetary_1
    libinit.o(.ARM.Collect$$libinit$$00000000) refers (Special) to libinit2.o(.ARM.Collect$$libinit$$00000017) for __rt_lib_init_lc_numeric_1
    libinit.o(.ARM.Collect$$libinit$$00000000) refers (Special) to libinit2.o(.ARM.Collect$$libinit$$00000019) for __rt_lib_init_lc_time_1
    libinit.o(.ARM.Collect$$libinit$$00000000) refers (Special) to libinit2.o(.ARM.Collect$$libinit$$00000004) for __rt_lib_init_preinit_1
    libinit.o(.ARM.Collect$$libinit$$00000000) refers (Special) to libinit2.o(.ARM.Collect$$libinit$$0000000E) for __rt_lib_init_rand_1
    libinit.o(.ARM.Collect$$libinit$$00000000) refers (Special) to libinit2.o(.ARM.Collect$$libinit$$00000033) for __rt_lib_init_return
    libinit.o(.ARM.Collect$$libinit$$00000000) refers (Special) to libinit2.o(.ARM.Collect$$libinit$$0000001D) for __rt_lib_init_signal_1
    libinit.o(.ARM.Collect$$libinit$$00000000) refers (Special) to libinit2.o(.ARM.Collect$$libinit$$00000025) for __rt_lib_init_stdio_1
    libinit.o(.ARM.Collect$$libinit$$00000000) refers (Special) to libinit2.o(.ARM.Collect$$libinit$$0000000C) for __rt_lib_init_user_alloc_1
    rtexit.o(.ARM.Collect$$rtexit$$00000000) refers (Special) to rtexit2.o(.ARM.Collect$$rtexit$$00000004) for __rt_exit_exit
    rtexit.o(.ARM.Collect$$rtexit$$00000000) refers (Special) to rtexit2.o(.ARM.Collect$$rtexit$$00000003) for __rt_exit_ls
    rtexit.o(.ARM.Collect$$rtexit$$00000000) refers (Special) to rtexit2.o(.ARM.Collect$$rtexit$$00000002) for __rt_exit_prels_1
    rtexit.o(.ARM.exidx) refers (Special) to rtexit2.o(.ARM.Collect$$rtexit$$00000004) for __rt_exit_exit
    rtexit.o(.ARM.exidx) refers (Special) to rtexit2.o(.ARM.Collect$$rtexit$$00000003) for __rt_exit_ls
    rtexit.o(.ARM.exidx) refers (Special) to rtexit2.o(.ARM.Collect$$rtexit$$00000002) for __rt_exit_prels_1
    rtexit.o(.ARM.exidx) refers to rtexit.o(.ARM.Collect$$rtexit$$00000000) for .ARM.Collect$$rtexit$$00000000
    libinit2.o(.ARM.Collect$$libinit$$00000001) refers to fpinit.o(x$fpl$fpinit) for _fp_init
    libinit2.o(.ARM.Collect$$libinit$$0000000F) refers (Weak) to rt_locale_intlibspace.o(.text) for __rt_locale
    libinit2.o(.ARM.Collect$$libinit$$00000010) refers to libinit2.o(.ARM.Collect$$libinit$$0000000F) for .ARM.Collect$$libinit$$0000000F
    libinit2.o(.ARM.Collect$$libinit$$00000012) refers to libinit2.o(.ARM.Collect$$libinit$$0000000F) for .ARM.Collect$$libinit$$0000000F
    libinit2.o(.ARM.Collect$$libinit$$00000012) refers (Weak) to lc_ctype_c.o(locale$$code) for _get_lc_ctype
    libinit2.o(.ARM.Collect$$libinit$$00000014) refers to libinit2.o(.ARM.Collect$$libinit$$0000000F) for .ARM.Collect$$libinit$$0000000F
    libinit2.o(.ARM.Collect$$libinit$$00000016) refers to libinit2.o(.ARM.Collect$$libinit$$0000000F) for .ARM.Collect$$libinit$$0000000F
    libinit2.o(.ARM.Collect$$libinit$$00000018) refers to libinit2.o(.ARM.Collect$$libinit$$0000000F) for .ARM.Collect$$libinit$$0000000F
    libinit2.o(.ARM.Collect$$libinit$$00000026) refers to argv_veneer.o(.emb_text) for __ARM_argv_veneer
    libinit2.o(.ARM.Collect$$libinit$$00000027) refers to argv_veneer.o(.emb_text) for __ARM_argv_veneer
    rtexit2.o(.ARM.Collect$$rtexit$$00000003) refers to libshutdown.o(.ARM.Collect$$libshutdown$$00000000) for __rt_lib_shutdown
    rtexit2.o(.ARM.Collect$$rtexit$$00000004) refers to sys_exit.o(.text) for _sys_exit
    rtexit2.o(.ARM.exidx) refers to rtexit2.o(.ARM.Collect$$rtexit$$00000001) for .ARM.Collect$$rtexit$$00000001
    rtexit2.o(.ARM.exidx) refers to rtexit2.o(.ARM.Collect$$rtexit$$00000003) for .ARM.Collect$$rtexit$$00000003
    rtexit2.o(.ARM.exidx) refers to rtexit2.o(.ARM.Collect$$rtexit$$00000004) for .ARM.Collect$$rtexit$$00000004
    argv_veneer.o(.emb_text) refers to no_argv.o(.text) for __ARM_get_argv
    sys_exit.o(.text) refers (Special) to use_no_semi.o(.text) for __I$use$semihosting
    sys_exit.o(.text) refers (Special) to indicate_semi.o(.text) for __semihosting_library_function
    _get_argv_nomalloc.o(.text) refers (Special) to hrguard.o(.text) for __heap_region$guard
    _get_argv_nomalloc.o(.text) refers to defsig_rtmem_outer.o(.text) for __rt_SIGRTMEM
    _get_argv_nomalloc.o(.text) refers to sys_command.o(.text) for _sys_command_string
    libshutdown.o(.ARM.Collect$$libshutdown$$00000000) refers (Special) to libshutdown2.o(.ARM.Collect$$libshutdown$$00000002) for __rt_lib_shutdown_cpp_1
    libshutdown.o(.ARM.Collect$$libshutdown$$00000000) refers (Special) to libshutdown2.o(.ARM.Collect$$libshutdown$$00000007) for __rt_lib_shutdown_fp_trap_1
    libshutdown.o(.ARM.Collect$$libshutdown$$00000000) refers (Special) to libshutdown2.o(.ARM.Collect$$libshutdown$$0000000F) for __rt_lib_shutdown_heap_1
    libshutdown.o(.ARM.Collect$$libshutdown$$00000000) refers (Special) to libshutdown2.o(.ARM.Collect$$libshutdown$$00000010) for __rt_lib_shutdown_return
    libshutdown.o(.ARM.Collect$$libshutdown$$00000000) refers (Special) to libshutdown2.o(.ARM.Collect$$libshutdown$$0000000A) for __rt_lib_shutdown_signal_1
    libshutdown.o(.ARM.Collect$$libshutdown$$00000000) refers (Special) to libshutdown2.o(.ARM.Collect$$libshutdown$$00000004) for __rt_lib_shutdown_stdio_1
    libshutdown.o(.ARM.Collect$$libshutdown$$00000000) refers (Special) to libshutdown2.o(.ARM.Collect$$libshutdown$$0000000C) for __rt_lib_shutdown_user_alloc_1
    sys_command.o(.text) refers (Special) to use_no_semi.o(.text) for __I$use$semihosting
    sys_command.o(.text) refers (Special) to indicate_semi.o(.text) for __semihosting_library_function
    defsig_rtmem_outer.o(.text) refers to defsig_rtmem_inner.o(.text) for __rt_SIGRTMEM_inner
    defsig_rtmem_outer.o(.text) refers to defsig_exit.o(.text) for __sig_exit
    defsig_rtmem_formal.o(.text) refers to rt_raise.o(.text) for __rt_raise
    rt_raise.o(.text) refers to __raise.o(.text) for __raise
    rt_raise.o(.text) refers to sys_exit.o(.text) for _sys_exit
    defsig_exit.o(.text) refers to sys_exit.o(.text) for _sys_exit
    defsig_rtmem_inner.o(.text) refers to defsig_general.o(.text) for __default_signal_display
    __raise.o(.text) refers to __printf.o(i.__ARM_common_call_via_r2) for __ARM_common_call_via_r2
    __raise.o(.text) refers to defsig.o(CL$$defsig) for __default_signal_handler
    defsig_general.o(.text) refers to sys_wrch.o(.text) for _ttywrch
    sys_wrch.o(.text) refers (Special) to use_no_semi.o(.text) for __I$use$semihosting
    sys_wrch.o(.text) refers (Special) to indicate_semi.o(.text) for __semihosting_library_function
    defsig.o(CL$$defsig) refers to defsig_rtmem_inner.o(.text) for __rt_SIGRTMEM_inner
    defsig_abrt_inner.o(.text) refers to defsig_general.o(.text) for __default_signal_display
    defsig_fpe_inner.o(.text) refers to defsig_general.o(.text) for __default_signal_display
    defsig_rtred_inner.o(.text) refers to defsig_general.o(.text) for __default_signal_display
    defsig_stak_inner.o(.text) refers to defsig_general.o(.text) for __default_signal_display
    defsig_pvfn_inner.o(.text) refers to defsig_general.o(.text) for __default_signal_display
    defsig_cppl_inner.o(.text) refers to defsig_general.o(.text) for __default_signal_display
    defsig_segv_inner.o(.text) refers to defsig_general.o(.text) for __default_signal_display
    defsig_other.o(.text) refers to defsig_general.o(.text) for __default_signal_display


==============================================================================

Removing Unused input sections from the image.

    Removing gsm_full_final_code.o(i.GSM_Delete_All_Msg), (44 bytes).
    Removing gsm_full_final_code.o(i.GSM_Send_Msg), (276 bytes).

2 unused section(s) (total 320 bytes) removed from the image.

==============================================================================

Adding Veneers to the image

    Adding TA veneer (4 bytes, Inline) for call to '_printf_percent' from __printf.o(.text).
    Adding AT veneer (8 bytes, Inline) for call to '__rt_lib_init' from __rtentry2.o(.ARM.Collect$$rtentry$$0000000A).
    Adding AT veneer (8 bytes, Inline) for call to '__rt_lib_shutdown' from rtexit2.o(.ARM.Collect$$rtexit$$00000003).
    Adding TA veneer (4 bytes, Inline) for call to '__rt_exit' from exit.o(.text).
    Adding AT veneer (8 bytes, Inline) for call to '__2sprintf' from gsm_full_final_code.o(i.GSM_Calling).
    Adding AT veneer (8 bytes, Inline) for call to '_printf_int_dec' from _printf_d.o(.ARM.Collect$$_printf_percent$$00000009).
    Adding AT veneer (8 bytes, Inline) for call to 'atoi' from gsm_full_final_code.o(i.GSM_Wait_for_Msg).
    Adding AT veneer (8 bytes, Inline) for call to 'strstr' from gsm_full_final_code.o(i.GSM_Begin).
    Adding AT veneer (8 bytes, Inline) for call to 'strlen' from gsm_full_final_code.o(i.GSM_Msg_Display).
    Adding AT veneer (8 bytes, Inline) for call to 'strncmp' from gsm_full_final_code.o(i.GSM_Response).
    Adding TA veneer (4 bytes, Inline) for call to '__aeabi_errno_addr' from atoi.o(.text).
    Adding AT veneer (8 bytes, Inline) for call to '_printf_string' from _printf_s.o(.ARM.Collect$$_printf_percent$$00000014).
    Adding TA veneer (4 bytes, Inline) for call to '__rt_udiv10' from _printf_dec.o(.text).
    Adding TA veneer (4 bytes, Inline) for call to '__rt_ctype_table' from strtol.o(.text).
    Adding TA veneer (4 bytes, Inline) for call to '__rt_locale' from libinit2.o(.ARM.Collect$$libinit$$0000000F).
    Adding AT veneer (8 bytes, Inline) for call to '_sys_exit' from rtexit2.o(.ARM.Collect$$rtexit$$00000004).
    Adding TA veneer (4 bytes, Inline) for call to '_get_lc_ctype' from libinit2.o(.ARM.Collect$$libinit$$00000012).

17 Veneer(s) (total 108 bytes) added to the image.

==============================================================================

Image Symbol Table

    Local Symbols

    Symbol Name                              Value     Ov Type        Size  Object(Section)

    RESET                                    0x00000000   Section      272  startup.o(RESET)
    ../clib/angel/boardlib.s                 0x00000000   Number         0  boardinit2.o ABSOLUTE
    ../clib/angel/boardlib.s                 0x00000000   Number         0  boardinit1.o ABSOLUTE
    ../clib/angel/boardlib.s                 0x00000000   Number         0  boardinit3.o ABSOLUTE
    ../clib/angel/boardlib.s                 0x00000000   Number         0  boardshut.o ABSOLUTE
    ../clib/angel/handlers.s                 0x00000000   Number         0  __scatter_copy.o ABSOLUTE
    ../clib/angel/handlers.s                 0x00000000   Number         0  __scatter_zi.o ABSOLUTE
    ../clib/angel/kernel.s                   0x00000000   Number         0  rtexit2.o ABSOLUTE
    ../clib/angel/kernel.s                   0x00000000   Number         0  rtexit.o ABSOLUTE
    ../clib/angel/kernel.s                   0x00000000   Number         0  __rtentry2.o ABSOLUTE
    ../clib/angel/kernel.s                   0x00000000   Number         0  __rtentry.o ABSOLUTE
    ../clib/angel/kernel.s                   0x00000000   Number         0  __rtentry4.o ABSOLUTE
    ../clib/angel/rt.s                       0x00000000   Number         0  rt_errno_addr.o ABSOLUTE
    ../clib/angel/rt.s                       0x00000000   Number         0  rt_locale_intlibspace.o ABSOLUTE
    ../clib/angel/rt.s                       0x00000000   Number         0  rt_locale.o ABSOLUTE
    ../clib/angel/rt.s                       0x00000000   Number         0  rt_errno_addr_intlibspace.o ABSOLUTE
    ../clib/angel/rt.s                       0x00000000   Number         0  rt_raise.o ABSOLUTE
    ../clib/angel/rt.s                       0x00000000   Number         0  rt_ctype_table.o ABSOLUTE
    ../clib/angel/scatter.s                  0x00000000   Number         0  __scatter.o ABSOLUTE
    ../clib/angel/startup.s                  0x00000000   Number         0  __main.o ABSOLUTE
    ../clib/angel/sys.s                      0x00000000   Number         0  sys_stackheap_outer.o ABSOLUTE
    ../clib/angel/sys.s                      0x00000000   Number         0  use_no_semi.o ABSOLUTE
    ../clib/angel/sys.s                      0x00000000   Number         0  indicate_semi.o ABSOLUTE
    ../clib/angel/sys.s                      0x00000000   Number         0  libspace.o ABSOLUTE
    ../clib/angel/sysapp.c                   0x00000000   Number         0  sys_exit.o ABSOLUTE
    ../clib/angel/sysapp.c                   0x00000000   Number         0  sys_wrch.o ABSOLUTE
    ../clib/angel/sysapp.c                   0x00000000   Number         0  sys_command.o ABSOLUTE
    ../clib/armsys.c                         0x00000000   Number         0  argv_veneer.o ABSOLUTE
    ../clib/armsys.c                         0x00000000   Number         0  _get_argv_nomalloc.o ABSOLUTE
    ../clib/armsys.c                         0x00000000   Number         0  no_argv.o ABSOLUTE
    ../clib/armsys.c                         0x00000000   Number         0  argv_veneer.o ABSOLUTE
    ../clib/division.s                       0x00000000   Number         0  rtudiv10.o ABSOLUTE
    ../clib/heapalloc.c                      0x00000000   Number         0  hrguard.o ABSOLUTE
    ../clib/heapaux.c                        0x00000000   Number         0  heapauxi.o ABSOLUTE
    ../clib/libinit.s                        0x00000000   Number         0  libinit2.o ABSOLUTE
    ../clib/libinit.s                        0x00000000   Number         0  libshutdown.o ABSOLUTE
    ../clib/libinit.s                        0x00000000   Number         0  libshutdown2.o ABSOLUTE
    ../clib/libinit.s                        0x00000000   Number         0  libinit.o ABSOLUTE
    ../clib/locale.s                         0x00000000   Number         0  lc_ctype_c.o ABSOLUTE
    ../clib/memcpset.s                       0x00000000   Number         0  rt_memclr_w.o ABSOLUTE
    ../clib/memcpset.s                       0x00000000   Number         0  rt_memclr.o ABSOLUTE
    ../clib/memcpset.s                       0x00000000   Number         0  rt_memcpy_w.o ABSOLUTE
    ../clib/memcpset.s                       0x00000000   Number         0  rt_memmove.o ABSOLUTE
    ../clib/memcpset.s                       0x00000000   Number         0  rt_memmove_w.o ABSOLUTE
    ../clib/memcpset.s                       0x00000000   Number         0  strcmp.o ABSOLUTE
    ../clib/memcpset.s                       0x00000000   Number         0  rt_memcpy.o ABSOLUTE
    ../clib/printf.c                         0x00000000   Number         0  noretval__2sprintf.o ABSOLUTE
    ../clib/printf.c                         0x00000000   Number         0  __printf_flags_ss.o ABSOLUTE
    ../clib/printf.c                         0x00000000   Number         0  __printf_wp.o ABSOLUTE
    ../clib/printf.c                         0x00000000   Number         0  __printf_flags_wp.o ABSOLUTE
    ../clib/printf.c                         0x00000000   Number         0  __printf_ss_wp.o ABSOLUTE
    ../clib/printf.c                         0x00000000   Number         0  __printf_flags_ss_wp.o ABSOLUTE
    ../clib/printf.c                         0x00000000   Number         0  __printf_ss.o ABSOLUTE
    ../clib/printf.c                         0x00000000   Number         0  __printf_nopercent.o ABSOLUTE
    ../clib/printf.c                         0x00000000   Number         0  _printf_intcommon.o ABSOLUTE
    ../clib/printf.c                         0x00000000   Number         0  __2sprintf.o ABSOLUTE
    ../clib/printf.c                         0x00000000   Number         0  _printf_char_common.o ABSOLUTE
    ../clib/printf.c                         0x00000000   Number         0  __printf.o ABSOLUTE
    ../clib/printf.c                         0x00000000   Number         0  _printf_str.o ABSOLUTE
    ../clib/printf.c                         0x00000000   Number         0  _sputc.o ABSOLUTE
    ../clib/printf.c                         0x00000000   Number         0  _printf_dec.o ABSOLUTE
    ../clib/printf.c                         0x00000000   Number         0  _printf_char.o ABSOLUTE
    ../clib/printf.c                         0x00000000   Number         0  __printf_flags.o ABSOLUTE
    ../clib/printf_percent.s                 0x00000000   Number         0  _printf_d.o ABSOLUTE
    ../clib/printf_percent.s                 0x00000000   Number         0  _printf_percent.o ABSOLUTE
    ../clib/printf_percent.s                 0x00000000   Number         0  _printf_s.o ABSOLUTE
    ../clib/printf_percent.s                 0x00000000   Number         0  _printf_percent_end.o ABSOLUTE
    ../clib/scanf.c                          0x00000000   Number         0  _strtoul.o ABSOLUTE
    ../clib/scanf.c                          0x00000000   Number         0  _chval.o ABSOLUTE
    ../clib/scanf.c                          0x00000000   Number         0  strtol.o ABSOLUTE
    ../clib/scanf.c                          0x00000000   Number         0  atoi.o ABSOLUTE
    ../clib/signal.c                         0x00000000   Number         0  defsig_general.o ABSOLUTE
    ../clib/signal.c                         0x00000000   Number         0  defsig_abrt_inner.o ABSOLUTE
    ../clib/signal.c                         0x00000000   Number         0  defsig_fpe_inner.o ABSOLUTE
    ../clib/signal.c                         0x00000000   Number         0  defsig_rtred_inner.o ABSOLUTE
    ../clib/signal.c                         0x00000000   Number         0  defsig_stak_inner.o ABSOLUTE
    ../clib/signal.c                         0x00000000   Number         0  defsig_pvfn_inner.o ABSOLUTE
    ../clib/signal.c                         0x00000000   Number         0  defsig_cppl_inner.o ABSOLUTE
    ../clib/signal.c                         0x00000000   Number         0  defsig_segv_inner.o ABSOLUTE
    ../clib/signal.c                         0x00000000   Number         0  defsig_other.o ABSOLUTE
    ../clib/signal.c                         0x00000000   Number         0  defsig_rtmem_outer.o ABSOLUTE
    ../clib/signal.c                         0x00000000   Number         0  defsig_rtmem_formal.o ABSOLUTE
    ../clib/signal.c                         0x00000000   Number         0  defsig_exit.o ABSOLUTE
    ../clib/signal.c                         0x00000000   Number         0  defsig_rtmem_inner.o ABSOLUTE
    ../clib/signal.c                         0x00000000   Number         0  __raise.o ABSOLUTE
    ../clib/signal.s                         0x00000000   Number         0  defsig.o ABSOLUTE
    ../clib/stdlib.c                         0x00000000   Number         0  exit.o ABSOLUTE
    ../clib/string.c                         0x00000000   Number         0  strncmp.o ABSOLUTE
    ../clib/string.c                         0x00000000   Number         0  strstr.o ABSOLUTE
    ../clib/string.c                         0x00000000   Number         0  strlen.o ABSOLUTE
    ../fplib/fpinit.s                        0x00000000   Number         0  fpinit.o ABSOLUTE
    GSM_Full_Final_code.c                    0x00000000   Number         0  gsm_full_final_code.o ABSOLUTE
    Startup.s                                0x00000000   Number         0  startup.o ABSOLUTE
    dc.s                                     0x00000000   Number         0  dc.o ABSOLUTE
    Undef_Handler                            0x00000040   ARM Code       4  startup.o(RESET)
    SWI_Handler                              0x00000044   ARM Code       4  startup.o(RESET)
    PAbt_Handler                             0x00000048   ARM Code       4  startup.o(RESET)
    DAbt_Handler                             0x0000004c   ARM Code       4  startup.o(RESET)
    IRQ_Handler                              0x00000050   ARM Code       4  startup.o(RESET)
    FIQ_Handler                              0x00000054   ARM Code       4  startup.o(RESET)
    !!!main                                  0x00000110   Section        8  __main.o(!!!main)
    !!!scatter                               0x00000118   Section       60  __scatter.o(!!!scatter)
    !!handler_copy                           0x00000154   Section       40  __scatter_copy.o(!!handler_copy)
    !!handler_zi                             0x0000017c   Section       44  __scatter_zi.o(!!handler_zi)
    .ARM.Collect$$_printf_percent$$00000000  0x000001ac   Section        0  _printf_percent.o(.ARM.Collect$$_printf_percent$$00000000)
    .ARM.Collect$$_printf_percent$$00000009  0x000001ac   Section        8  _printf_d.o(.ARM.Collect$$_printf_percent$$00000009)
    .ARM.Collect$$_printf_percent$$00000014  0x000001b4   Section        8  _printf_s.o(.ARM.Collect$$_printf_percent$$00000014)
    .ARM.Collect$$_printf_percent$$00000017  0x000001bc   Section        8  _printf_percent_end.o(.ARM.Collect$$_printf_percent$$00000017)
    .ARM.Collect$$libinit$$00000000          0x000001cc   Section        2  libinit.o(.ARM.Collect$$libinit$$00000000)
    .ARM.Collect$$libinit$$00000002          0x000001ce   Section        0  libinit2.o(.ARM.Collect$$libinit$$00000002)
    .ARM.Collect$$libinit$$00000004          0x000001ce   Section        0  libinit2.o(.ARM.Collect$$libinit$$00000004)
    .ARM.Collect$$libinit$$0000000A          0x000001ce   Section        0  libinit2.o(.ARM.Collect$$libinit$$0000000A)
    .ARM.Collect$$libinit$$0000000C          0x000001ce   Section        0  libinit2.o(.ARM.Collect$$libinit$$0000000C)
    .ARM.Collect$$libinit$$0000000E          0x000001ce   Section        0  libinit2.o(.ARM.Collect$$libinit$$0000000E)
    .ARM.Collect$$libinit$$0000000F          0x000001ce   Section        6  libinit2.o(.ARM.Collect$$libinit$$0000000F)
    .ARM.Collect$$libinit$$00000011          0x000001d4   Section        0  libinit2.o(.ARM.Collect$$libinit$$00000011)
    .ARM.Collect$$libinit$$00000012          0x000001d4   Section       12  libinit2.o(.ARM.Collect$$libinit$$00000012)
    .ARM.Collect$$libinit$$00000013          0x000001e0   Section        0  libinit2.o(.ARM.Collect$$libinit$$00000013)
    .ARM.Collect$$libinit$$00000015          0x000001e0   Section        0  libinit2.o(.ARM.Collect$$libinit$$00000015)
    .ARM.Collect$$libinit$$00000017          0x000001e0   Section        0  libinit2.o(.ARM.Collect$$libinit$$00000017)
    .ARM.Collect$$libinit$$00000019          0x000001e0   Section        0  libinit2.o(.ARM.Collect$$libinit$$00000019)
    .ARM.Collect$$libinit$$0000001B          0x000001e0   Section        0  libinit2.o(.ARM.Collect$$libinit$$0000001B)
    .ARM.Collect$$libinit$$0000001D          0x000001e0   Section        0  libinit2.o(.ARM.Collect$$libinit$$0000001D)
    .ARM.Collect$$libinit$$0000001F          0x000001e0   Section        0  libinit2.o(.ARM.Collect$$libinit$$0000001F)
    .ARM.Collect$$libinit$$00000021          0x000001e0   Section        0  libinit2.o(.ARM.Collect$$libinit$$00000021)
    .ARM.Collect$$libinit$$00000023          0x000001e0   Section        0  libinit2.o(.ARM.Collect$$libinit$$00000023)
    .ARM.Collect$$libinit$$00000025          0x000001e0   Section        0  libinit2.o(.ARM.Collect$$libinit$$00000025)
    .ARM.Collect$$libinit$$0000002C          0x000001e0   Section        0  libinit2.o(.ARM.Collect$$libinit$$0000002C)
    .ARM.Collect$$libinit$$0000002E          0x000001e0   Section        0  libinit2.o(.ARM.Collect$$libinit$$0000002E)
    .ARM.Collect$$libinit$$00000030          0x000001e0   Section        0  libinit2.o(.ARM.Collect$$libinit$$00000030)
    .ARM.Collect$$libinit$$00000032          0x000001e0   Section        0  libinit2.o(.ARM.Collect$$libinit$$00000032)
    .ARM.Collect$$libinit$$00000033          0x000001e0   Section       12  libinit2.o(.ARM.Collect$$libinit$$00000033)
    .ARM.Collect$$libshutdown$$00000000      0x000001f4   Section        4  libshutdown.o(.ARM.Collect$$libshutdown$$00000000)
    .ARM.Collect$$libshutdown$$00000002      0x000001f8   Section        0  libshutdown2.o(.ARM.Collect$$libshutdown$$00000002)
    .ARM.Collect$$libshutdown$$00000004      0x000001f8   Section        0  libshutdown2.o(.ARM.Collect$$libshutdown$$00000004)
    .ARM.Collect$$libshutdown$$00000007      0x000001f8   Section        0  libshutdown2.o(.ARM.Collect$$libshutdown$$00000007)
    .ARM.Collect$$libshutdown$$0000000A      0x000001f8   Section        0  libshutdown2.o(.ARM.Collect$$libshutdown$$0000000A)
    .ARM.Collect$$libshutdown$$0000000C      0x000001f8   Section        0  libshutdown2.o(.ARM.Collect$$libshutdown$$0000000C)
    .ARM.Collect$$libshutdown$$0000000F      0x000001f8   Section        0  libshutdown2.o(.ARM.Collect$$libshutdown$$0000000F)
    .ARM.Collect$$libshutdown$$00000010      0x000001f8   Section        6  libshutdown2.o(.ARM.Collect$$libshutdown$$00000010)
    .ARM.Collect$$rtentry$$00000000          0x00000200   Section        0  __rtentry.o(.ARM.Collect$$rtentry$$00000000)
    .ARM.Collect$$rtentry$$00000002          0x00000200   Section        0  __rtentry2.o(.ARM.Collect$$rtentry$$00000002)
    .ARM.Collect$$rtentry$$00000004          0x00000200   Section        8  __rtentry4.o(.ARM.Collect$$rtentry$$00000004)
    .ARM.Collect$$rtentry$$00000009          0x00000208   Section        0  __rtentry2.o(.ARM.Collect$$rtentry$$00000009)
    .ARM.Collect$$rtentry$$0000000A          0x00000208   Section        4  __rtentry2.o(.ARM.Collect$$rtentry$$0000000A)
    .ARM.Collect$$rtentry$$0000000C          0x0000020c   Section        0  __rtentry2.o(.ARM.Collect$$rtentry$$0000000C)
    .ARM.Collect$$rtentry$$0000000D          0x0000020c   Section       40  __rtentry2.o(.ARM.Collect$$rtentry$$0000000D)
    .ARM.Collect$$rtexit$$00000000           0x00000238   Section        4  rtexit.o(.ARM.Collect$$rtexit$$00000000)
    .ARM.Collect$$rtexit$$00000002           0x0000023c   Section        0  rtexit2.o(.ARM.Collect$$rtexit$$00000002)
    .ARM.Collect$$rtexit$$00000003           0x0000023c   Section        4  rtexit2.o(.ARM.Collect$$rtexit$$00000003)
    .ARM.Collect$$rtexit$$00000004           0x00000240   Section        8  rtexit2.o(.ARM.Collect$$rtexit$$00000004)
    .text                                    0x00000248   Section       32  startup.o(.text)
    .text                                    0x00000270   Section        0  noretval__2sprintf.o(.text)
    .text                                    0x00000298   Section        0  __printf.o(.text)
    .text                                    0x0000030e   Section        0  _printf_str.o(.text)
    .text                                    0x00000370   Section        0  _printf_dec.o(.text)
    .text                                    0x000003e8   Section        0  atoi.o(.text)
    .text                                    0x00000410   Section        0  strstr.o(.text)
    .text                                    0x00000444   Section        0  strlen.o(.text)
    .text                                    0x00000490   Section        0  strncmp.o(.text)
    .text                                    0x00000528   Section      212  rt_memmove.o(.text)
    .text                                    0x000005fc   Section       64  rt_memclr.o(.text)
    .text                                    0x0000063c   Section       84  rt_memclr_w.o(.text)
    .text                                    0x00000690   Section        0  heapauxi.o(.text)
    .text                                    0x0000069c   Section       12  rt_errno_addr_intlibspace.o(.text)
    .text                                    0x000006a8   Section        0  _printf_intcommon.o(.text)
    .text                                    0x00000764   Section        0  _printf_char_common.o(.text)
    _printf_input_char                       0x00000765   Thumb Code    10  _printf_char_common.o(.text)
    .text                                    0x00000794   Section        0  _sputc.o(.text)
    .text                                    0x000007a8   Section        0  _printf_char.o(.text)
    .text                                    0x000007dc   Section        0  strtol.o(.text)
    .text                                    0x00000850   Section      212  rt_memcpy.o(.text)
    .text                                    0x00000924   Section      128  rt_memmove_w.o(.text)
    .text                                    0x000009a8   Section       44  rtudiv10.o(.text)
    .text                                    0x000009d4   Section       12  libspace.o(.text)
    .text                                    0x000009e4   Section       24  rt_ctype_table.o(.text)
    .text                                    0x000009fc   Section        0  _strtoul.o(.text)
    .text                                    0x00000aa8   Section      100  rt_memcpy_w.o(.text)
    .text                                    0x00000b0c   Section       96  sys_stackheap_outer.o(.text)
    .text                                    0x00000b70   Section       12  rt_locale_intlibspace.o(.text)
    .text                                    0x00000b7c   Section        0  _chval.o(.text)
    .text                                    0x00000b9a   Section        0  exit.o(.text)
    .text                                    0x00000bb0   Section      244  strcmp.o(.text)
    .text                                    0x00000cac   Section        0  sys_exit.o(.text)
    .text                                    0x00000cb8   Section        4  use_no_semi.o(.text)
    .text                                    0x00000cbc   Section        0  indicate_semi.o(.text)
    i.GSM_Begin                              0x00000cbc   Section        0  gsm_full_final_code.o(i.GSM_Begin)
    i.GSM_Calling                            0x00000d44   Section        0  gsm_full_final_code.o(i.GSM_Calling)
    i.GSM_HangCall                           0x00000d80   Section        0  gsm_full_final_code.o(i.GSM_HangCall)
    i.GSM_Msg_Delete                         0x00000d9c   Section        0  gsm_full_final_code.o(i.GSM_Msg_Delete)
    i.GSM_Msg_Display                        0x00000dec   Section        0  gsm_full_final_code.o(i.GSM_Msg_Display)
    i.GSM_Msg_Read                           0x00001004   Section        0  gsm_full_final_code.o(i.GSM_Msg_Read)
    i.GSM_Response                           0x00001040   Section        0  gsm_full_final_code.o(i.GSM_Response)
    i.GSM_Response_Display                   0x00001118   Section        0  gsm_full_final_code.o(i.GSM_Response_Display)
    i.GSM_Wait_for_Msg                       0x000011f8   Section        0  gsm_full_final_code.o(i.GSM_Wait_for_Msg)
    i.UART0_Interrupt                        0x00001368   Section        0  gsm_full_final_code.o(i.UART0_Interrupt)
    i.UART0_SendString                       0x000013c4   Section        0  gsm_full_final_code.o(i.UART0_SendString)
    i.UART0_TxChar                           0x00001414   Section        0  gsm_full_final_code.o(i.UART0_TxChar)
    i.UART0_init                             0x00001454   Section        0  gsm_full_final_code.o(i.UART0_init)
    i.__ARM_common_call_via_r1               0x0000149c   Section        0  __printf.o(i.__ARM_common_call_via_r1)
    i.__ARM_common_call_via_r2               0x0000149e   Section        0  __printf.o(i.__ARM_common_call_via_r2)
    i.delay_ms                               0x000014a0   Section        0  gsm_full_final_code.o(i.delay_ms)
    i.main                                   0x000014e4   Section        0  gsm_full_final_code.o(i.main)
    i.sms                                    0x0000164c   Section        0  gsm_full_final_code.o(i.sms)
    locale$$code                             0x00001718   Section       80  lc_ctype_c.o(locale$$code)
    locale$$data                             0x00001788   Section      272  lc_ctype_c.o(locale$$data)
    __lcctype_c_name                         0x0000178c   Data           2  lc_ctype_c.o(locale$$data)
    __lcctype_c_start                        0x00001794   Data           0  lc_ctype_c.o(locale$$data)
    __lcctype_c_end                          0x00001898   Data           0  lc_ctype_c.o(locale$$data)
    .data                                    0x40000000   Section       28  gsm_full_final_code.o(.data)
    .bss                                     0x4000001c   Section      220  gsm_full_final_code.o(.bss)
    .bss                                     0x400000f8   Section       96  libspace.o(.bss)
    HEAP                                     0x40000158   Section        0  startup.o(HEAP)
    STACK                                    0x40000158   Section     1160  startup.o(STACK)
    Heap_Mem                                 0x40000158   Data           0  startup.o(HEAP)
    Stack_Mem                                0x40000158   Data        1024  startup.o(STACK)
    Stack_Top                                0x400005e0   Data           0  startup.o(STACK)

    Global Symbols

    Symbol Name                              Value     Ov Type        Size  Object(Section)

    BuildAttributes$$THM_ISAv1$ARM_ISAv4$S$PE$A:L22$X:L11$S22$IEEE1$IW$USESV6$~STKCKD$USESV7$~SHL$OSPACE$ROPI$EBA8$UX$STANDARDLIB$REQ8$PRES8$EABIv2 0x00000000   Number         0  anon$$obj.o ABSOLUTE
    __ARM_use_no_argv                        0x00000000   Number         0  gsm_full_final_code.o ABSOLUTE
    __ARM_exceptions_init                     - Undefined Weak Reference
    __alloca_initialize                       - Undefined Weak Reference
    __arm_preinit_                            - Undefined Weak Reference
    __cpp_initialize__aeabi_                  - Undefined Weak Reference
    __cxa_finalize                            - Undefined Weak Reference
    __sigvec_lookup                           - Undefined Weak Reference
    _atexit_init                              - Undefined Weak Reference
    _call_atexit_fns                          - Undefined Weak Reference
    _clock_init                               - Undefined Weak Reference
    _fp_trap_init                             - Undefined Weak Reference
    _fp_trap_shutdown                         - Undefined Weak Reference
    _get_lc_collate                           - Undefined Weak Reference
    _get_lc_monetary                          - Undefined Weak Reference
    _get_lc_numeric                           - Undefined Weak Reference
    _get_lc_time                              - Undefined Weak Reference
    _getenv_init                              - Undefined Weak Reference
    _handle_redirection                       - Undefined Weak Reference
    _init_alloc                               - Undefined Weak Reference
    _init_user_alloc                          - Undefined Weak Reference
    _initio                                   - Undefined Weak Reference
    _printf_mbtowc                            - Undefined Weak Reference
    _printf_post_padding                      - Undefined Weak Reference
    _printf_pre_padding                       - Undefined Weak Reference
    _printf_truncate_signed                   - Undefined Weak Reference
    _printf_truncate_unsigned                 - Undefined Weak Reference
    _rand_init                                - Undefined Weak Reference
    _signal_finish                            - Undefined Weak Reference
    _signal_init                              - Undefined Weak Reference
    _terminate_alloc                          - Undefined Weak Reference
    _terminate_user_alloc                     - Undefined Weak Reference
    _terminateio                              - Undefined Weak Reference
    Reset_Handler                            0x00000058   ARM Code       0  startup.o(RESET)
    __main                                   0x00000110   ARM Code       8  __main.o(!!!main)
    __scatterload                            0x00000118   ARM Code       0  __scatter.o(!!!scatter)
    __scatterload_rt2                        0x00000118   ARM Code      52  __scatter.o(!!!scatter)
    __scatterload_null                       0x0000012c   ARM Code       0  __scatter.o(!!!scatter)
    __scatterload_copy                       0x00000154   ARM Code      40  __scatter_copy.o(!!handler_copy)
    __scatterload_zeroinit                   0x0000017c   ARM Code      44  __scatter_zi.o(!!handler_zi)
    Inline Thumb to ARM Veneer to _printf_percent 0x000001a9   Thumb Code     4  _printf_percent.o(.ARM.Collect$$_printf_percent$$00000000)
    _printf_d                                0x000001ac   ARM Code       0  _printf_d.o(.ARM.Collect$$_printf_percent$$00000009)
    _printf_percent                          0x000001ac   ARM Code       0  _printf_percent.o(.ARM.Collect$$_printf_percent$$00000000)
    _printf_s                                0x000001b4   ARM Code       0  _printf_s.o(.ARM.Collect$$_printf_percent$$00000014)
    _printf_percent_end                      0x000001bc   ARM Code       0  _printf_percent_end.o(.ARM.Collect$$_printf_percent$$00000017)
    Inline ARM to Thumb Veneer to __rt_lib_init 0x000001c4   ARM Code       8  libinit.o(.ARM.Collect$$libinit$$00000000)
    __rt_lib_init                            0x000001cd   Thumb Code     0  libinit.o(.ARM.Collect$$libinit$$00000000)
    __rt_lib_init_fp_1                       0x000001cf   Thumb Code     0  libinit2.o(.ARM.Collect$$libinit$$00000002)
    __rt_lib_init_heap_1                     0x000001cf   Thumb Code     0  libinit2.o(.ARM.Collect$$libinit$$0000000A)
    __rt_lib_init_lc_common                  0x000001cf   Thumb Code     0  libinit2.o(.ARM.Collect$$libinit$$0000000F)
    __rt_lib_init_preinit_1                  0x000001cf   Thumb Code     0  libinit2.o(.ARM.Collect$$libinit$$00000004)
    __rt_lib_init_rand_1                     0x000001cf   Thumb Code     0  libinit2.o(.ARM.Collect$$libinit$$0000000E)
    __rt_lib_init_user_alloc_1               0x000001cf   Thumb Code     0  libinit2.o(.ARM.Collect$$libinit$$0000000C)
    __rt_lib_init_lc_collate_1               0x000001d5   Thumb Code     0  libinit2.o(.ARM.Collect$$libinit$$00000011)
    __rt_lib_init_lc_ctype_2                 0x000001d5   Thumb Code     0  libinit2.o(.ARM.Collect$$libinit$$00000012)
    __rt_lib_init_alloca_1                   0x000001e1   Thumb Code     0  libinit2.o(.ARM.Collect$$libinit$$0000002E)
    __rt_lib_init_argv_1                     0x000001e1   Thumb Code     0  libinit2.o(.ARM.Collect$$libinit$$0000002C)
    __rt_lib_init_atexit_1                   0x000001e1   Thumb Code     0  libinit2.o(.ARM.Collect$$libinit$$0000001B)
    __rt_lib_init_clock_1                    0x000001e1   Thumb Code     0  libinit2.o(.ARM.Collect$$libinit$$00000021)
    __rt_lib_init_cpp_1                      0x000001e1   Thumb Code     0  libinit2.o(.ARM.Collect$$libinit$$00000032)
    __rt_lib_init_exceptions_1               0x000001e1   Thumb Code     0  libinit2.o(.ARM.Collect$$libinit$$00000030)
    __rt_lib_init_fp_trap_1                  0x000001e1   Thumb Code     0  libinit2.o(.ARM.Collect$$libinit$$0000001F)
    __rt_lib_init_getenv_1                   0x000001e1   Thumb Code     0  libinit2.o(.ARM.Collect$$libinit$$00000023)
    __rt_lib_init_lc_ctype_1                 0x000001e1   Thumb Code     0  libinit2.o(.ARM.Collect$$libinit$$00000013)
    __rt_lib_init_lc_monetary_1              0x000001e1   Thumb Code     0  libinit2.o(.ARM.Collect$$libinit$$00000015)
    __rt_lib_init_lc_numeric_1               0x000001e1   Thumb Code     0  libinit2.o(.ARM.Collect$$libinit$$00000017)
    __rt_lib_init_lc_time_1                  0x000001e1   Thumb Code     0  libinit2.o(.ARM.Collect$$libinit$$00000019)
    __rt_lib_init_return                     0x000001e1   Thumb Code     0  libinit2.o(.ARM.Collect$$libinit$$00000033)
    __rt_lib_init_signal_1                   0x000001e1   Thumb Code     0  libinit2.o(.ARM.Collect$$libinit$$0000001D)
    __rt_lib_init_stdio_1                    0x000001e1   Thumb Code     0  libinit2.o(.ARM.Collect$$libinit$$00000025)
    Inline ARM to Thumb Veneer to __rt_lib_shutdown 0x000001ec   ARM Code       8  libshutdown.o(.ARM.Collect$$libshutdown$$00000000)
    __rt_lib_shutdown                        0x000001f5   Thumb Code     0  libshutdown.o(.ARM.Collect$$libshutdown$$00000000)
    __rt_lib_shutdown_cpp_1                  0x000001f9   Thumb Code     0  libshutdown2.o(.ARM.Collect$$libshutdown$$00000002)
    __rt_lib_shutdown_fp_trap_1              0x000001f9   Thumb Code     0  libshutdown2.o(.ARM.Collect$$libshutdown$$00000007)
    __rt_lib_shutdown_heap_1                 0x000001f9   Thumb Code     0  libshutdown2.o(.ARM.Collect$$libshutdown$$0000000F)
    __rt_lib_shutdown_return                 0x000001f9   Thumb Code     0  libshutdown2.o(.ARM.Collect$$libshutdown$$00000010)
    __rt_lib_shutdown_signal_1               0x000001f9   Thumb Code     0  libshutdown2.o(.ARM.Collect$$libshutdown$$0000000A)
    __rt_lib_shutdown_stdio_1                0x000001f9   Thumb Code     0  libshutdown2.o(.ARM.Collect$$libshutdown$$00000004)
    __rt_lib_shutdown_user_alloc_1           0x000001f9   Thumb Code     0  libshutdown2.o(.ARM.Collect$$libshutdown$$0000000C)
    __rt_entry                               0x00000200   ARM Code       0  __rtentry.o(.ARM.Collect$$rtentry$$00000000)
    __rt_entry_presh_1                       0x00000200   ARM Code       0  __rtentry2.o(.ARM.Collect$$rtentry$$00000002)
    __rt_entry_sh                            0x00000200   ARM Code       0  __rtentry4.o(.ARM.Collect$$rtentry$$00000004)
    __rt_entry_li                            0x00000208   ARM Code       0  __rtentry2.o(.ARM.Collect$$rtentry$$0000000A)
    __rt_entry_postsh_1                      0x00000208   ARM Code       0  __rtentry2.o(.ARM.Collect$$rtentry$$00000009)
    __rt_entry_main                          0x0000020c   ARM Code       0  __rtentry2.o(.ARM.Collect$$rtentry$$0000000D)
    __rt_entry_postli_1                      0x0000020c   ARM Code       0  __rtentry2.o(.ARM.Collect$$rtentry$$0000000C)
    Inline Thumb to ARM Veneer to __rt_exit  0x00000235   Thumb Code     4  rtexit.o(.ARM.Collect$$rtexit$$00000000)
    __rt_exit                                0x00000238   ARM Code       0  rtexit.o(.ARM.Collect$$rtexit$$00000000)
    __rt_exit_ls                             0x0000023c   ARM Code       0  rtexit2.o(.ARM.Collect$$rtexit$$00000003)
    __rt_exit_prels_1                        0x0000023c   ARM Code       0  rtexit2.o(.ARM.Collect$$rtexit$$00000002)
    __rt_exit_exit                           0x00000240   ARM Code       0  rtexit2.o(.ARM.Collect$$rtexit$$00000004)
    __user_initial_stackheap                 0x00000248   ARM Code       0  startup.o(.text)
    Inline ARM to Thumb Veneer to __2sprintf 0x00000268   ARM Code       8  noretval__2sprintf.o(.text)
    __2sprintf                               0x00000271   Thumb Code    36  noretval__2sprintf.o(.text)
    __printf                                 0x00000299   Thumb Code   118  __printf.o(.text)
    _printf_str                              0x0000030f   Thumb Code    88  _printf_str.o(.text)
    Inline ARM to Thumb Veneer to _printf_int_dec 0x00000368   ARM Code       8  _printf_dec.o(.text)
    _printf_int_dec                          0x00000371   Thumb Code    94  _printf_dec.o(.text)
    Inline ARM to Thumb Veneer to atoi       0x000003e0   ARM Code       8  atoi.o(.text)
    atoi                                     0x000003e9   Thumb Code    30  atoi.o(.text)
    Inline ARM to Thumb Veneer to strstr     0x00000408   ARM Code       8  strstr.o(.text)
    strstr                                   0x00000411   Thumb Code    42  strstr.o(.text)
    Inline ARM to Thumb Veneer to strlen     0x0000043c   ARM Code       8  strlen.o(.text)
    strlen                                   0x00000445   Thumb Code    64  strlen.o(.text)
    Inline ARM to Thumb Veneer to strncmp    0x00000488   ARM Code       8  strncmp.o(.text)
    strncmp                                  0x00000491   Thumb Code   146  strncmp.o(.text)
    __aeabi_memmove                          0x00000528   ARM Code       0  rt_memmove.o(.text)
    __rt_memmove                             0x00000528   ARM Code     212  rt_memmove.o(.text)
    __memmove_lastfew                        0x000005dc   ARM Code       0  rt_memmove.o(.text)
    __aeabi_memclr                           0x000005fc   ARM Code       0  rt_memclr.o(.text)
    __rt_memclr                              0x000005fc   ARM Code      64  rt_memclr.o(.text)
    _memset                                  0x00000600   ARM Code       0  rt_memclr.o(.text)
    __aeabi_memclr4                          0x0000063c   ARM Code       0  rt_memclr_w.o(.text)
    __aeabi_memclr8                          0x0000063c   ARM Code       0  rt_memclr_w.o(.text)
    __rt_memclr_w                            0x0000063c   ARM Code      84  rt_memclr_w.o(.text)
    _memset_w                                0x00000640   ARM Code       0  rt_memclr_w.o(.text)
    __use_two_region_memory                  0x00000691   Thumb Code     2  heapauxi.o(.text)
    __rt_heap_escrow$2region                 0x00000693   Thumb Code     2  heapauxi.o(.text)
    __rt_heap_expand$2region                 0x00000695   Thumb Code     2  heapauxi.o(.text)
    Inline Thumb to ARM Veneer to __aeabi_errno_addr 0x00000699   Thumb Code     4  rt_errno_addr_intlibspace.o(.text)
    __aeabi_errno_addr                       0x0000069c   ARM Code      12  rt_errno_addr_intlibspace.o(.text)
    __errno$intlibspace                      0x0000069c   ARM Code       0  rt_errno_addr_intlibspace.o(.text)
    __rt_errno_addr$intlibspace              0x0000069c   ARM Code       0  rt_errno_addr_intlibspace.o(.text)
    _printf_int_common                       0x000006a9   Thumb Code   186  _printf_intcommon.o(.text)
    _printf_char_common                      0x0000076f   Thumb Code    34  _printf_char_common.o(.text)
    _sputc                                   0x00000795   Thumb Code    10  _sputc.o(.text)
    Inline ARM to Thumb Veneer to _printf_string 0x000007a0   ARM Code       8  _printf_char.o(.text)
    _printf_cs_common                        0x000007a9   Thumb Code    26  _printf_char.o(.text)
    _printf_char                             0x000007c3   Thumb Code    16  _printf_char.o(.text)
    _printf_string                           0x000007d3   Thumb Code     8  _printf_char.o(.text)
    strtol                                   0x000007dd   Thumb Code   112  strtol.o(.text)
    __aeabi_memcpy                           0x00000850   ARM Code       0  rt_memcpy.o(.text)
    __rt_memcpy                              0x00000850   ARM Code     212  rt_memcpy.o(.text)
    _memcpy_lastbytes                        0x00000904   ARM Code       0  rt_memcpy.o(.text)
    __aeabi_memmove4                         0x00000924   ARM Code       0  rt_memmove_w.o(.text)
    __aeabi_memmove8                         0x00000924   ARM Code       0  rt_memmove_w.o(.text)
    __rt_memmove_w                           0x00000924   ARM Code     128  rt_memmove_w.o(.text)
    __memmove_aligned                        0x00000950   ARM Code       0  rt_memmove_w.o(.text)
    __memmove_lastfew_aligned                0x0000098c   ARM Code       0  rt_memmove_w.o(.text)
    Inline Thumb to ARM Veneer to __rt_udiv10 0x000009a5   Thumb Code     4  rtudiv10.o(.text)
    __rt_udiv10                              0x000009a8   ARM Code      44  rtudiv10.o(.text)
    __user_libspace                          0x000009d4   ARM Code      12  libspace.o(.text)
    __user_perproc_libspace                  0x000009d4   ARM Code       0  libspace.o(.text)
    __user_perthread_libspace                0x000009d4   ARM Code       0  libspace.o(.text)
    Inline Thumb to ARM Veneer to __rt_ctype_table 0x000009e1   Thumb Code     4  rt_ctype_table.o(.text)
    __rt_ctype_table                         0x000009e4   ARM Code      24  rt_ctype_table.o(.text)
    _strtoul                                 0x000009fd   Thumb Code   172  _strtoul.o(.text)
    __aeabi_memcpy4                          0x00000aa8   ARM Code       0  rt_memcpy_w.o(.text)
    __aeabi_memcpy8                          0x00000aa8   ARM Code       0  rt_memcpy_w.o(.text)
    __rt_memcpy_w                            0x00000aa8   ARM Code     100  rt_memcpy_w.o(.text)
    _memcpy_lastbytes_aligned                0x00000af4   ARM Code       0  rt_memcpy_w.o(.text)
    __user_setup_stackheap                   0x00000b0c   ARM Code      96  sys_stackheap_outer.o(.text)
    Inline Thumb to ARM Veneer to __rt_locale 0x00000b6d   Thumb Code     4  rt_locale_intlibspace.o(.text)
    __rt_locale                              0x00000b70   ARM Code      12  rt_locale_intlibspace.o(.text)
    _chval                                   0x00000b7d   Thumb Code    30  _chval.o(.text)
    exit                                     0x00000b9b   Thumb Code    20  exit.o(.text)
    strcmp                                   0x00000bb0   ARM Code     240  strcmp.o(.text)
    Inline ARM to Thumb Veneer to _sys_exit  0x00000ca4   ARM Code       8  sys_exit.o(.text)
    _sys_exit                                0x00000cad   Thumb Code     8  sys_exit.o(.text)
    __I$use$semihosting                      0x00000cb8   ARM Code       0  use_no_semi.o(.text)
    __use_no_semihosting_swi                 0x00000cb8   ARM Code       4  use_no_semi.o(.text)
    GSM_Begin                                0x00000cbc   ARM Code     108  gsm_full_final_code.o(i.GSM_Begin)
    __semihosting_library_function           0x00000cbc   ARM Code       0  indicate_semi.o(.text)
    GSM_Calling                              0x00000d44   ARM Code      48  gsm_full_final_code.o(i.GSM_Calling)
    GSM_HangCall                             0x00000d80   ARM Code      20  gsm_full_final_code.o(i.GSM_HangCall)
    GSM_Msg_Delete                           0x00000d9c   ARM Code      60  gsm_full_final_code.o(i.GSM_Msg_Delete)
    GSM_Msg_Display                          0x00000dec   ARM Code     536  gsm_full_final_code.o(i.GSM_Msg_Display)
    GSM_Msg_Read                             0x00001004   ARM Code      44  gsm_full_final_code.o(i.GSM_Msg_Read)
    GSM_Response                             0x00001040   ARM Code     204  gsm_full_final_code.o(i.GSM_Response)
    GSM_Response_Display                     0x00001118   ARM Code     216  gsm_full_final_code.o(i.GSM_Response_Display)
    GSM_Wait_for_Msg                         0x000011f8   ARM Code     348  gsm_full_final_code.o(i.GSM_Wait_for_Msg)
    UART0_Interrupt                          0x00001368   ARM Code      76  gsm_full_final_code.o(i.UART0_Interrupt)
    UART0_SendString                         0x000013c4   ARM Code      76  gsm_full_final_code.o(i.UART0_SendString)
    UART0_TxChar                             0x00001414   ARM Code      60  gsm_full_final_code.o(i.UART0_TxChar)
    UART0_init                               0x00001454   ARM Code      68  gsm_full_final_code.o(i.UART0_init)
    __ARM_common_call_via_r1                 0x0000149d   Thumb Code     2  __printf.o(i.__ARM_common_call_via_r1)
    __ARM_common_call_via_r2                 0x0000149f   Thumb Code     2  __printf.o(i.__ARM_common_call_via_r2)
    delay_ms                                 0x000014a0   ARM Code      64  gsm_full_final_code.o(i.delay_ms)
    main                                     0x000014e4   ARM Code     284  gsm_full_final_code.o(i.main)
    sms                                      0x0000164c   ARM Code     172  gsm_full_final_code.o(i.sms)
    Inline Thumb to ARM Veneer to _get_lc_ctype 0x00001715   Thumb Code     4  lc_ctype_c.o(locale$$code)
    _get_lc_ctype                            0x00001718   ARM Code      80  lc_ctype_c.o(locale$$code)
    Region$$Table$$Base                      0x00001768   Number         0  anon$$obj.o(Region$$Table)
    Region$$Table$$Limit                     0x00001788   Number         0  anon$$obj.o(Region$$Table)
    __ctype                                  0x00001795   Data           0  lc_ctype_c.o(locale$$data)
    status_flag                              0x40000000   Data           1  gsm_full_final_code.o(.data)
    buffer_pointer                           0x40000004   Data           4  gsm_full_final_code.o(.data)
    Mobile_no                                0x40000008   Data          14  gsm_full_final_code.o(.data)
    position                                 0x40000018   Data           4  gsm_full_final_code.o(.data)
    buff                                     0x4000001c   Data         160  gsm_full_final_code.o(.bss)
    message_received                         0x400000bc   Data          60  gsm_full_final_code.o(.bss)
    __libspace_start                         0x400000f8   Data          96  libspace.o(.bss)
    __temporary_stack_top$libspace           0x40000158   Data           0  libspace.o(.bss)



==============================================================================

Memory Map of the image

  Image Entry point : 0x00000110

  Load Region LR_IROM1 (Base: 0x00000000, Size: 0x000018b4, Max: 0x00080000, ABSOLUTE)

    Execution Region ER_IROM1 (Exec base: 0x00000000, Load base: 0x00000000, Size: 0x00001898, Max: 0x00080000, ABSOLUTE)

    Exec Addr    Load Addr    Size         Type   Attr      Idx    E Section Name        Object

    0x00000000   0x00000000   0x00000110   Code   RO            3    RESET               startup.o
    0x00000110   0x00000110   0x00000008   Code   RO          204  * !!!main             c_t.l(__main.o)
    0x00000118   0x00000118   0x0000003c   Code   RO          407    !!!scatter          c_t.l(__scatter.o)
    0x00000154   0x00000154   0x00000028   Code   RO          409    !!handler_copy      c_t.l(__scatter_copy.o)
    0x0000017c   0x0000017c   0x0000002c   Code   RO          411    !!handler_zi        c_t.l(__scatter_zi.o)
    0x000001a8   0x000001a8   0x00000004   Ven    RO          187    .ARM.Collect$$_printf_percent$$00000000  c_t.l(_printf_percent.o)
    0x000001ac   0x000001ac   0x00000000   Code   RO          187    .ARM.Collect$$_printf_percent$$00000000  c_t.l(_printf_percent.o)
    0x000001ac   0x000001ac   0x00000008   Code   RO          186    .ARM.Collect$$_printf_percent$$00000009  c_t.l(_printf_d.o)
    0x000001b4   0x000001b4   0x00000008   Code   RO          185    .ARM.Collect$$_printf_percent$$00000014  c_t.l(_printf_s.o)
    0x000001bc   0x000001bc   0x00000008   Code   RO          220    .ARM.Collect$$_printf_percent$$00000017  c_t.l(_printf_percent_end.o)
    0x000001c4   0x000001c4   0x00000008   Ven    RO          278    .ARM.Collect$$libinit$$00000000  c_t.l(libinit.o)
    0x000001cc   0x000001cc   0x00000002   Code   RO          278    .ARM.Collect$$libinit$$00000000  c_t.l(libinit.o)
    0x000001ce   0x000001ce   0x00000000   Code   RO          284    .ARM.Collect$$libinit$$00000002  c_t.l(libinit2.o)
    0x000001ce   0x000001ce   0x00000000   Code   RO          286    .ARM.Collect$$libinit$$00000004  c_t.l(libinit2.o)
    0x000001ce   0x000001ce   0x00000000   Code   RO          289    .ARM.Collect$$libinit$$0000000A  c_t.l(libinit2.o)
    0x000001ce   0x000001ce   0x00000000   Code   RO          291    .ARM.Collect$$libinit$$0000000C  c_t.l(libinit2.o)
    0x000001ce   0x000001ce   0x00000000   Code   RO          293    .ARM.Collect$$libinit$$0000000E  c_t.l(libinit2.o)
    0x000001ce   0x000001ce   0x00000006   Code   RO          294    .ARM.Collect$$libinit$$0000000F  c_t.l(libinit2.o)
    0x000001d4   0x000001d4   0x00000000   Code   RO          296    .ARM.Collect$$libinit$$00000011  c_t.l(libinit2.o)
    0x000001d4   0x000001d4   0x0000000c   Code   RO          297    .ARM.Collect$$libinit$$00000012  c_t.l(libinit2.o)
    0x000001e0   0x000001e0   0x00000000   Code   RO          298    .ARM.Collect$$libinit$$00000013  c_t.l(libinit2.o)
    0x000001e0   0x000001e0   0x00000000   Code   RO          300    .ARM.Collect$$libinit$$00000015  c_t.l(libinit2.o)
    0x000001e0   0x000001e0   0x00000000   Code   RO          302    .ARM.Collect$$libinit$$00000017  c_t.l(libinit2.o)
    0x000001e0   0x000001e0   0x00000000   Code   RO          304    .ARM.Collect$$libinit$$00000019  c_t.l(libinit2.o)
    0x000001e0   0x000001e0   0x00000000   Code   RO          306    .ARM.Collect$$libinit$$0000001B  c_t.l(libinit2.o)
    0x000001e0   0x000001e0   0x00000000   Code   RO          308    .ARM.Collect$$libinit$$0000001D  c_t.l(libinit2.o)
    0x000001e0   0x000001e0   0x00000000   Code   RO          310    .ARM.Collect$$libinit$$0000001F  c_t.l(libinit2.o)
    0x000001e0   0x000001e0   0x00000000   Code   RO          312    .ARM.Collect$$libinit$$00000021  c_t.l(libinit2.o)
    0x000001e0   0x000001e0   0x00000000   Code   RO          314    .ARM.Collect$$libinit$$00000023  c_t.l(libinit2.o)
    0x000001e0   0x000001e0   0x00000000   Code   RO          316    .ARM.Collect$$libinit$$00000025  c_t.l(libinit2.o)
    0x000001e0   0x000001e0   0x00000000   Code   RO          320    .ARM.Collect$$libinit$$0000002C  c_t.l(libinit2.o)
    0x000001e0   0x000001e0   0x00000000   Code   RO          322    .ARM.Collect$$libinit$$0000002E  c_t.l(libinit2.o)
    0x000001e0   0x000001e0   0x00000000   Code   RO          324    .ARM.Collect$$libinit$$00000030  c_t.l(libinit2.o)
    0x000001e0   0x000001e0   0x00000000   Code   RO          326    .ARM.Collect$$libinit$$00000032  c_t.l(libinit2.o)
    0x000001e0   0x000001e0   0x0000000c   Code   RO          327    .ARM.Collect$$libinit$$00000033  c_t.l(libinit2.o)
    0x000001ec   0x000001ec   0x00000008   Ven    RO          347    .ARM.Collect$$libshutdown$$00000000  c_t.l(libshutdown.o)
    0x000001f4   0x000001f4   0x00000004   Code   RO          347    .ARM.Collect$$libshutdown$$00000000  c_t.l(libshutdown.o)
    0x000001f8   0x000001f8   0x00000000   Code   RO          360    .ARM.Collect$$libshutdown$$00000002  c_t.l(libshutdown2.o)
    0x000001f8   0x000001f8   0x00000000   Code   RO          362    .ARM.Collect$$libshutdown$$00000004  c_t.l(libshutdown2.o)
    0x000001f8   0x000001f8   0x00000000   Code   RO          365    .ARM.Collect$$libshutdown$$00000007  c_t.l(libshutdown2.o)
    0x000001f8   0x000001f8   0x00000000   Code   RO          368    .ARM.Collect$$libshutdown$$0000000A  c_t.l(libshutdown2.o)
    0x000001f8   0x000001f8   0x00000000   Code   RO          370    .ARM.Collect$$libshutdown$$0000000C  c_t.l(libshutdown2.o)
    0x000001f8   0x000001f8   0x00000000   Code   RO          373    .ARM.Collect$$libshutdown$$0000000F  c_t.l(libshutdown2.o)
    0x000001f8   0x000001f8   0x00000006   Code   RO          374    .ARM.Collect$$libshutdown$$00000010  c_t.l(libshutdown2.o)
    0x000001fe   0x000001fe   0x00000002   PAD
    0x00000200   0x00000200   0x00000000   Code   RO          206    .ARM.Collect$$rtentry$$00000000  c_t.l(__rtentry.o)
    0x00000200   0x00000200   0x00000000   Code   RO          233    .ARM.Collect$$rtentry$$00000002  c_t.l(__rtentry2.o)
    0x00000200   0x00000200   0x00000008   Code   RO          245    .ARM.Collect$$rtentry$$00000004  c_t.l(__rtentry4.o)
    0x00000208   0x00000208   0x00000000   Code   RO          235    .ARM.Collect$$rtentry$$00000009  c_t.l(__rtentry2.o)
    0x00000208   0x00000208   0x00000004   Code   RO          236    .ARM.Collect$$rtentry$$0000000A  c_t.l(__rtentry2.o)
    0x0000020c   0x0000020c   0x00000000   Code   RO          238    .ARM.Collect$$rtentry$$0000000C  c_t.l(__rtentry2.o)
    0x0000020c   0x0000020c   0x00000028   Code   RO          239    .ARM.Collect$$rtentry$$0000000D  c_t.l(__rtentry2.o)
    0x00000234   0x00000234   0x00000004   Ven    RO          279    .ARM.Collect$$rtexit$$00000000  c_t.l(rtexit.o)
    0x00000238   0x00000238   0x00000004   Code   RO          279    .ARM.Collect$$rtexit$$00000000  c_t.l(rtexit.o)
    0x0000023c   0x0000023c   0x00000000   Code   RO          329    .ARM.Collect$$rtexit$$00000002  c_t.l(rtexit2.o)
    0x0000023c   0x0000023c   0x00000004   Code   RO          330    .ARM.Collect$$rtexit$$00000003  c_t.l(rtexit2.o)
    0x00000240   0x00000240   0x00000008   Code   RO          331    .ARM.Collect$$rtexit$$00000004  c_t.l(rtexit2.o)
    0x00000248   0x00000248   0x00000020   Code   RO            4    .text               startup.o
    0x00000268   0x00000268   0x00000008   Ven    RO          153    .text               c_t.l(noretval__2sprintf.o)
    0x00000270   0x00000270   0x00000028   Code   RO          153    .text               c_t.l(noretval__2sprintf.o)
    0x00000298   0x00000298   0x00000076   Code   RO          155    .text               c_t.l(__printf.o)
    0x0000030e   0x0000030e   0x00000058   Code   RO          161    .text               c_t.l(_printf_str.o)
    0x00000366   0x00000366   0x00000002   PAD
    0x00000368   0x00000368   0x00000008   Ven    RO          163    .text               c_t.l(_printf_dec.o)
    0x00000370   0x00000370   0x00000070   Code   RO          163    .text               c_t.l(_printf_dec.o)
    0x000003e0   0x000003e0   0x00000008   Ven    RO          188    .text               c_t.l(atoi.o)
    0x000003e8   0x000003e8   0x0000001e   Code   RO          188    .text               c_t.l(atoi.o)
    0x00000406   0x00000406   0x00000002   PAD
    0x00000408   0x00000408   0x00000008   Ven    RO          190    .text               c_t.l(strstr.o)
    0x00000410   0x00000410   0x0000002a   Code   RO          190    .text               c_t.l(strstr.o)
    0x0000043a   0x0000043a   0x00000002   PAD
    0x0000043c   0x0000043c   0x00000008   Ven    RO          192    .text               c_t.l(strlen.o)
    0x00000444   0x00000444   0x00000044   Code   RO          192    .text               c_t.l(strlen.o)
    0x00000488   0x00000488   0x00000008   Ven    RO          194    .text               c_t.l(strncmp.o)
    0x00000490   0x00000490   0x00000098   Code   RO          194    .text               c_t.l(strncmp.o)
    0x00000528   0x00000528   0x000000d4   Code   RO          196    .text               c_t.l(rt_memmove.o)
    0x000005fc   0x000005fc   0x00000040   Code   RO          198    .text               c_t.l(rt_memclr.o)
    0x0000063c   0x0000063c   0x00000054   Code   RO          200    .text               c_t.l(rt_memclr_w.o)
    0x00000690   0x00000690   0x00000006   Code   RO          202    .text               c_t.l(heapauxi.o)
    0x00000696   0x00000696   0x00000002   PAD
    0x00000698   0x00000698   0x00000004   Ven    RO          210    .text               c_t.l(rt_errno_addr_intlibspace.o)
    0x0000069c   0x0000069c   0x0000000c   Code   RO          210    .text               c_t.l(rt_errno_addr_intlibspace.o)
    0x000006a8   0x000006a8   0x000000ba   Code   RO          212    .text               c_t.l(_printf_intcommon.o)
    0x00000762   0x00000762   0x00000002   PAD
    0x00000764   0x00000764   0x00000030   Code   RO          214    .text               c_t.l(_printf_char_common.o)
    0x00000794   0x00000794   0x0000000a   Code   RO          216    .text               c_t.l(_sputc.o)
    0x0000079e   0x0000079e   0x00000002   PAD
    0x000007a0   0x000007a0   0x00000008   Ven    RO          218    .text               c_t.l(_printf_char.o)
    0x000007a8   0x000007a8   0x00000032   Code   RO          218    .text               c_t.l(_printf_char.o)
    0x000007da   0x000007da   0x00000002   PAD
    0x000007dc   0x000007dc   0x00000074   Code   RO          221    .text               c_t.l(strtol.o)
    0x00000850   0x00000850   0x000000d4   Code   RO          223    .text               c_t.l(rt_memcpy.o)
    0x00000924   0x00000924   0x00000080   Code   RO          225    .text               c_t.l(rt_memmove_w.o)
    0x000009a4   0x000009a4   0x00000004   Ven    RO          227    .text               c_t.l(rtudiv10.o)
    0x000009a8   0x000009a8   0x0000002c   Code   RO          227    .text               c_t.l(rtudiv10.o)
    0x000009d4   0x000009d4   0x0000000c   Code   RO          229    .text               c_t.l(libspace.o)
    0x000009e0   0x000009e0   0x00000004   Ven    RO          247    .text               c_t.l(rt_ctype_table.o)
    0x000009e4   0x000009e4   0x00000018   Code   RO          247    .text               c_t.l(rt_ctype_table.o)
    0x000009fc   0x000009fc   0x000000ac   Code   RO          255    .text               c_t.l(_strtoul.o)
    0x00000aa8   0x00000aa8   0x00000064   Code   RO          257    .text               c_t.l(rt_memcpy_w.o)
    0x00000b0c   0x00000b0c   0x00000060   Code   RO          259    .text               c_t.l(sys_stackheap_outer.o)
    0x00000b6c   0x00000b6c   0x00000004   Ven    RO          264    .text               c_t.l(rt_locale_intlibspace.o)
    0x00000b70   0x00000b70   0x0000000c   Code   RO          264    .text               c_t.l(rt_locale_intlibspace.o)
    0x00000b7c   0x00000b7c   0x0000001e   Code   RO          266    .text               c_t.l(_chval.o)
    0x00000b9a   0x00000b9a   0x00000014   Code   RO          271    .text               c_t.l(exit.o)
    0x00000bae   0x00000bae   0x00000002   PAD
    0x00000bb0   0x00000bb0   0x000000f4   Code   RO          281    .text               c_t.l(strcmp.o)
    0x00000ca4   0x00000ca4   0x00000008   Ven    RO          339    .text               c_t.l(sys_exit.o)
    0x00000cac   0x00000cac   0x0000000c   Code   RO          339    .text               c_t.l(sys_exit.o)
    0x00000cb8   0x00000cb8   0x00000004   Code   RO          350    .text               c_t.l(use_no_semi.o)
    0x00000cbc   0x00000cbc   0x00000000   Code   RO          352    .text               c_t.l(indicate_semi.o)
    0x00000cbc   0x00000cbc   0x00000088   Code   RO           11    i.GSM_Begin         gsm_full_final_code.o
    0x00000d44   0x00000d44   0x0000003c   Code   RO           12    i.GSM_Calling       gsm_full_final_code.o
    0x00000d80   0x00000d80   0x0000001c   Code   RO           14    i.GSM_HangCall      gsm_full_final_code.o
    0x00000d9c   0x00000d9c   0x00000050   Code   RO           15    i.GSM_Msg_Delete    gsm_full_final_code.o
    0x00000dec   0x00000dec   0x00000218   Code   RO           16    i.GSM_Msg_Display   gsm_full_final_code.o
    0x00001004   0x00001004   0x0000003c   Code   RO           17    i.GSM_Msg_Read      gsm_full_final_code.o
    0x00001040   0x00001040   0x000000d8   Code   RO           18    i.GSM_Response      gsm_full_final_code.o
    0x00001118   0x00001118   0x000000e0   Code   RO           19    i.GSM_Response_Display  gsm_full_final_code.o
    0x000011f8   0x000011f8   0x00000170   Code   RO           21    i.GSM_Wait_for_Msg  gsm_full_final_code.o
    0x00001368   0x00001368   0x0000005c   Code   RO           22    i.UART0_Interrupt   gsm_full_final_code.o
    0x000013c4   0x000013c4   0x00000050   Code   RO           23    i.UART0_SendString  gsm_full_final_code.o
    0x00001414   0x00001414   0x00000040   Code   RO           24    i.UART0_TxChar      gsm_full_final_code.o
    0x00001454   0x00001454   0x00000048   Code   RO           25    i.UART0_init        gsm_full_final_code.o
    0x0000149c   0x0000149c   0x00000002   Code   RO          159    i.__ARM_common_call_via_r1  c_t.l(__printf.o)
    0x0000149e   0x0000149e   0x00000002   Code   RO          157    i.__ARM_common_call_via_r2  c_t.l(__printf.o)
    0x000014a0   0x000014a0   0x00000044   Code   RO           26    i.delay_ms          gsm_full_final_code.o
    0x000014e4   0x000014e4   0x00000168   Code   RO           27    i.main              gsm_full_final_code.o
    0x0000164c   0x0000164c   0x000000c8   Code   RO           28    i.sms               gsm_full_final_code.o
    0x00001714   0x00001714   0x00000004   Ven    RO          269    locale$$code        c_t.l(lc_ctype_c.o)
    0x00001718   0x00001718   0x00000050   Code   RO          269    locale$$code        c_t.l(lc_ctype_c.o)
    0x00001768   0x00001768   0x00000020   Data   RO          405    Region$$Table       anon$$obj.o
    0x00001788   0x00001788   0x00000110   Data   RO          268    locale$$data        c_t.l(lc_ctype_c.o)


    Execution Region RW_IRAM1 (Exec base: 0x40000000, Load base: 0x00001898, Size: 0x000005e0, Max: 0x00008000, ABSOLUTE)

    Exec Addr    Load Addr    Size         Type   Attr      Idx    E Section Name        Object

    0x40000000   0x00001898   0x0000001c   Data   RW           30    .data               gsm_full_final_code.o
    0x4000001c        -       0x000000dc   Zero   RW           29    .bss                gsm_full_final_code.o
    0x400000f8        -       0x00000060   Zero   RW          230    .bss                c_t.l(libspace.o)
    0x40000158        -       0x00000000   Zero   RW            2    HEAP                startup.o
    0x40000158        -       0x00000488   Zero   RW            1    STACK               startup.o


==============================================================================

Image component sizes


      Code (inc. data)   RO Data    RW Data    ZI Data      Debug   Object Name

      2644        300          0         28        220      14707   gsm_full_final_code.o
       304         60          0          0       1160        572   startup.o

    ----------------------------------------------------------------------
      2948        360         32         28       1380      15279   Object Totals
         0          0         32          0          0          0   (incl. Generated)
         0          0          0          0          0          0   (incl. Padding)

    ----------------------------------------------------------------------

      Code (inc. data)   RO Data    RW Data    ZI Data      Debug   Library Member Name

         8          0          0          0          0         68   __main.o
       122          0          0          0          0        208   __printf.o
         0          0          0          0          0          0   __rtentry.o
        44          4          0          0          0          0   __rtentry2.o
         8          0          0          0          0          0   __rtentry4.o
        60          8          0          0          0          0   __scatter.o
        40          0          0          0          0          0   __scatter_copy.o
        44          0          0          0          0          0   __scatter_zi.o
        30          0          0          0          0         60   _chval.o
        58          0          0          0          0        112   _printf_char.o
        48          4          0          0          0         96   _printf_char_common.o
         8          0          0          0          0          0   _printf_d.o
       120         18          0          0          0         88   _printf_dec.o
       186          0          0          0          0         96   _printf_intcommon.o
         4          0          0          0          0          0   _printf_percent.o
         8          0          0          0          0          0   _printf_percent_end.o
         8          0          0          0          0          0   _printf_s.o
        88          0          0          0          0         84   _printf_str.o
        10          0          0          0          0         60   _sputc.o
       172          0          0          0          0         96   _strtoul.o
        38          0          0          0          0         84   atoi.o
        20          0          0          0          0         80   exit.o
         6          0          0          0          0        136   heapauxi.o
         0          0          0          0          0          0   indicate_semi.o
        84          8        272          0          0         92   lc_ctype_c.o
        10          0          0          0          0          0   libinit.o
        30          0          0          0          0          0   libinit2.o
        12          0          0          0          0          0   libshutdown.o
         6          0          0          0          0          0   libshutdown2.o
        12          4          0          0         96         68   libspace.o
        48          4          0          0          0         84   noretval__2sprintf.o
        28          4          0          0          0         84   rt_ctype_table.o
        16          4          0          0          0         68   rt_errno_addr_intlibspace.o
        16          4          0          0          0         68   rt_locale_intlibspace.o
        64          0          0          0          0         68   rt_memclr.o
        84          0          0          0          0         80   rt_memclr_w.o
       212          0          0          0          0         68   rt_memcpy.o
       100          0          0          0          0         80   rt_memcpy_w.o
       212          0          0          0          0         68   rt_memmove.o
       128          0          0          0          0         80   rt_memmove_w.o
         8          0          0          0          0          0   rtexit.o
        12          0          0          0          0          0   rtexit2.o
        48          0          0          0          0         68   rtudiv10.o
       244          4          0          0          0         80   strcmp.o
        76          4          0          0          0         76   strlen.o
       160          6          0          0          0         84   strncmp.o
        50          0          0          0          0         72   strstr.o
       116          4          0          0          0         92   strtol.o
        20          4          0          0          0         60   sys_exit.o
        96          0          0          0          0         80   sys_stackheap_outer.o
         4          0          0          0          0         68   use_no_semi.o

    ----------------------------------------------------------------------
      3044         84        272          0         96       2856   Library Totals
        18          0          0          0          0          0   (incl. Padding)

    ----------------------------------------------------------------------

      Code (inc. data)   RO Data    RW Data    ZI Data      Debug   Library Name

      3026         84        272          0         96       2856   c_t.l

    ----------------------------------------------------------------------
      3044         84        272          0         96       2856   Library Totals

    ----------------------------------------------------------------------

==============================================================================


      Code (inc. data)   RO Data    RW Data    ZI Data      Debug   

      5992        444        304         28       1476      16099   Grand Totals
      5992        444        304         28       1476      16099   ELF Image Totals
      5992        444        304         28          0          0   ROM Totals

==============================================================================

    Total RO  Size (Code + RO Data)                 6296 (   6.15kB)
    Total RW  Size (RW Data + ZI Data)              1504 (   1.47kB)
    Total ROM Size (Code + RO Data + RW Data)       6324 (   6.18kB)

==============================================================================

